
> miniapp@0.0.1 test /opt/vpn-suite/frontend/miniapp
> vitest run


[1m[46m RUN [49m[22m [36mv4.0.18 [39m[90m/opt/vpn-suite/frontend/miniapp[39m

 [31m❯[39m [30m[42m unit [49m[39m src/test/token-parity.test.ts [2m([22m[2m4 tests[22m[2m | [22m[31m3 failed[39m[2m)[22m[33m 442[2mms[22m[39m
[31m     [31m×[31m typography tokens resolve correctly for consumer-dark[39m[32m 295[2mms[22m[39m
[31m     [31m×[31m typography tokens resolve correctly for consumer-light[39m[32m 23[2mms[22m[39m
     [32m✓[39m breakpoint tokens resolve correctly[32m 13[2mms[22m[39m
[31m     [31m×[31m consumer-light typography aliases stay aligned with canonical values[39m[32m 23[2mms[22m[39m
[90mstderr[2m | src/pages/Home.test.tsx[2m > [22m[2mHomePage[2m > [22m[2mrenders the access-ready hierarchy with compact referral and setup-safe copy
[22m[39m⚠️ React Router Future Flag Warning: React Router will begin wrapping state updates in `React.startTransition` in v7. You can use the `v7_startTransition` future flag to opt-in early. For more information, see https://reactrouter.com/v6/upgrading/future#v7_starttransition.
⚠️ React Router Future Flag Warning: Relative route resolution within Splat routes is changing in v7. You can use the `v7_relativeSplatPath` future flag to opt-in early. For more information, see https://reactrouter.com/v6/upgrading/future#v7_relativesplatpath.

 [31m❯[39m [30m[42m unit [49m[39m src/pages/Home.test.tsx [2m([22m[2m5 tests[22m[2m | [22m[31m4 failed[39m[2m)[22m[32m 283[2mms[22m[39m
[31m     [31m×[31m renders the access-ready hierarchy with compact referral and setup-safe copy[39m[32m 158[2mms[22m[39m
[31m     [31m×[31m falls back to device review instead of a fake app-open CTA when no launch payload exists[39m[32m 60[2mms[22m[39m
[31m     [31m×[31m prioritizes add-device setup and hides referral when no device exists yet[39m[32m 13[2mms[22m[39m
     [32m✓[39m keeps device setup on the dedicated Devices screen instead of an inline modal[32m 22[2mms[22m[39m
[31m     [31m×[31m shows restore-state priority and redesigned home plans for expired access[39m[32m 28[2mms[22m[39m
 [32m✓[39m [30m[42m unit [49m[39m src/hooks/useReferralAttach.test.tsx [2m([22m[2m4 tests[22m[2m)[22m[33m 1697[2mms[22m[39m
     [33m[2m✓[22m[39m retries once on 5xx then shows toast on second failure [33m 1606[2mms[22m[39m
[90mstderr[2m | src/pages/Support.test.tsx[2m > [22m[2mSupportPage[2m > [22m[2mrenders a compact support layout with collapsed faq items
[22m[39m⚠️ React Router Future Flag Warning: React Router will begin wrapping state updates in `React.startTransition` in v7. You can use the `v7_startTransition` future flag to opt-in early. For more information, see https://reactrouter.com/v6/upgrading/future#v7_starttransition.
⚠️ React Router Future Flag Warning: Relative route resolution within Splat routes is changing in v7. You can use the `v7_relativeSplatPath` future flag to opt-in early. For more information, see https://reactrouter.com/v6/upgrading/future#v7_relativesplatpath.

[90mstderr[2m | src/pages/Support.test.tsx[2m > [22m[2mSupportPage[2m > [22m[2mrenders a compact support layout with collapsed faq items
[22m[39mWarning: An update to SupportPage inside a test was not wrapped in act(...).

When testing, code that causes React state updates should be wrapped into act(...):

act(() => {
  /* fire events that update state */
});
/* assert on the output */

This ensures that you're testing the behavior the user would see in the browser. Learn more at https://reactjs.org/link/wrap-tests-with-act
    at SupportPage (/opt/vpn-suite/frontend/miniapp/src/pages/Support.tsx:22:57)
    at ToastContainer (/opt/vpn-suite/frontend/miniapp/src/design-system/components/feedback/Toast.tsx:32:27)
    at LayoutProvider (/opt/vpn-suite/frontend/miniapp/src/context/LayoutContext.tsx:7:3)
    at LayoutProvider (/opt/vpn-suite/frontend/miniapp/src/context/LayoutContext.tsx:7:3)
    at ToastContainer (/opt/vpn-suite/frontend/miniapp/src/design-system/components/feedback/Toast.tsx:32:27)
    at Router (/opt/vpn-suite/frontend/node_modules/.pnpm/react-router@6.30.3_react@18.3.1/node_modules/react-router/dist/umd/react-router.development.js:1207:17)
    at MemoryRouter (/opt/vpn-suite/frontend/node_modules/.pnpm/react-router@6.30.3_react@18.3.1/node_modules/react-router/dist/umd/react-router.development.js:1101:7)
    at QueryClientProvider (file:///opt/vpn-suite/frontend/node_modules/.pnpm/@tanstack+react-query@5.90.21_react@18.3.1/node_modules/@tanstack/react-query/build/modern/QueryClientProvider.js:20:3)
    at Wrapper (/opt/vpn-suite/frontend/miniapp/src/test/utils/render.tsx:14:29)

 [32m✓[39m [30m[42m unit [49m[39m src/pages/Support.test.tsx [2m([22m[2m1 test[22m[2m)[22m[33m 790[2mms[22m[39m
     [33m[2m✓[22m[39m renders a compact support layout with collapsed faq items [33m 788[2mms[22m[39m
 [32m✓[39m [30m[42m unit [49m[39m src/bootstrap/useBootstrapMachine.test.tsx [2m([22m[2m8 tests[22m[2m | [22m[33m1 skipped[39m[2m)[22m[33m 1118[2mms[22m[39m
     [33m[2m✓[22m[39m auto-completes onboarding once the user has an active plan and device [33m 909[2mms[22m[39m
 [32m✓[39m [30m[42m unit [49m[39m src/test/overlay-mobile-gestures.test.tsx [2m([22m[2m3 tests[22m[2m)[22m[33m 569[2mms[22m[39m
     [33m[2m✓[22m[39m dismisses a mobile popover sheet on swipe down [33m 411[2mms[22m[39m
[90mstderr[2m | src/test/modal-behavior.test.tsx[2m > [22m[2mmodal variants[2m > [22m[2muses status text for retry actions in fallback screens
[22m[39m⚠️ React Router Future Flag Warning: React Router will begin wrapping state updates in `React.startTransition` in v7. You can use the `v7_startTransition` future flag to opt-in early. For more information, see https://reactrouter.com/v6/upgrading/future#v7_starttransition.
⚠️ React Router Future Flag Warning: Relative route resolution within Splat routes is changing in v7. You can use the `v7_relativeSplatPath` future flag to opt-in early. For more information, see https://reactrouter.com/v6/upgrading/future#v7_relativesplatpath.

 [32m✓[39m [30m[42m unit [49m[39m src/test/modal-behavior.test.tsx [2m([22m[2m8 tests[22m[2m)[22m[33m 394[2mms[22m[39m
[90mstderr[2m | src/components/onboarding/OnboardingBottomActions.test.tsx[2m > [22m[2mOnboardingBottomActions[2m > [22m[2mshows choose-plan and restore actions on the intro step
[22m[39m⚠️ React Router Future Flag Warning: React Router will begin wrapping state updates in `React.startTransition` in v7. You can use the `v7_startTransition` future flag to opt-in early. For more information, see https://reactrouter.com/v6/upgrading/future#v7_starttransition.
⚠️ React Router Future Flag Warning: Relative route resolution within Splat routes is changing in v7. You can use the `v7_relativeSplatPath` future flag to opt-in early. For more information, see https://reactrouter.com/v6/upgrading/future#v7_relativesplatpath.

 [32m✓[39m [30m[42m unit [49m[39m src/components/onboarding/OnboardingBottomActions.test.tsx [2m([22m[2m2 tests[22m[2m)[22m[33m 369[2mms[22m[39m
     [33m[2m✓[22m[39m shows choose-plan and restore actions on the intro step [33m 353[2mms[22m[39m
 [32m✓[39m [30m[42m unit [49m[39m src/components/BottomSheet/BottomSheet.test.tsx [2m([22m[2m3 tests[22m[2m)[22m[33m 415[2mms[22m[39m
     [33m[2m✓[22m[39m closes on Escape and restores focus to the trigger [33m 342[2mms[22m[39m
 [32m✓[39m [30m[42m unit [49m[39m src/test/button-status-contract.test.tsx [2m([22m[2m2 tests[22m[2m)[22m[33m 340[2mms[22m[39m
[90mstderr[2m | src/test/home-patterns.test.tsx[2m > [22m[2mhome pattern contract[2m > [22m[2mrenders the no-plan CTA with a stacked help link
[22m[39m⚠️ React Router Future Flag Warning: React Router will begin wrapping state updates in `React.startTransition` in v7. You can use the `v7_startTransition` future flag to opt-in early. For more information, see https://reactrouter.com/v6/upgrading/future#v7_starttransition.
⚠️ React Router Future Flag Warning: Relative route resolution within Splat routes is changing in v7. You can use the `v7_relativeSplatPath` future flag to opt-in early. For more information, see https://reactrouter.com/v6/upgrading/future#v7_relativesplatpath.

 [32m✓[39m [30m[42m unit [49m[39m src/test/home-patterns.test.tsx [2m([22m[2m4 tests[22m[2m)[22m[33m 571[2mms[22m[39m
     [33m[2m✓[22m[39m renders the no-plan CTA with a stacked help link [33m 488[2mms[22m[39m
[90mstderr[2m | src/pages/Referral.test.tsx[2m > [22m[2mReferralPage[2m > [22m[2mships referral in read-only beta mode without reward-progress UI
[22m[39m⚠️ React Router Future Flag Warning: React Router will begin wrapping state updates in `React.startTransition` in v7. You can use the `v7_startTransition` future flag to opt-in early. For more information, see https://reactrouter.com/v6/upgrading/future#v7_starttransition.
⚠️ React Router Future Flag Warning: Relative route resolution within Splat routes is changing in v7. You can use the `v7_relativeSplatPath` future flag to opt-in early. For more information, see https://reactrouter.com/v6/upgrading/future#v7_relativesplatpath.

 [32m✓[39m [30m[42m unit [49m[39m src/pages/Referral.test.tsx [2m([22m[2m1 test[22m[2m)[22m[33m 371[2mms[22m[39m
     [33m[2m✓[22m[39m ships referral in read-only beta mode without reward-progress UI [33m 369[2mms[22m[39m
 [32m✓[39m [30m[42m unit [49m[39m src/page-models/useSettingsPageModel.test.tsx [2m([22m[2m6 tests[22m[2m)[22m[32m 141[2mms[22m[39m
[90mstderr[2m | src/app/routes.test.tsx[2m > [22m[2mAppRoutes[2m > [22m[2mredirects new onboarding users from home to onboarding
[22m[39m⚠️ React Router Future Flag Warning: React Router will begin wrapping state updates in `React.startTransition` in v7. You can use the `v7_startTransition` future flag to opt-in early. For more information, see https://reactrouter.com/v6/upgrading/future#v7_starttransition.
⚠️ React Router Future Flag Warning: Relative route resolution within Splat routes is changing in v7. You can use the `v7_relativeSplatPath` future flag to opt-in early. For more information, see https://reactrouter.com/v6/upgrading/future#v7_relativesplatpath.

 [32m✓[39m [30m[42m unit [49m[39m src/app/routes.test.tsx [2m([22m[2m3 tests[22m[2m)[22m[32m 135[2mms[22m[39m
[90mstderr[2m | src/hooks/useSession.test.tsx[2m > [22m[2museSession[2m > [22m[2mdoes not run query when enabled is false
[22m[39m⚠️ React Router Future Flag Warning: React Router will begin wrapping state updates in `React.startTransition` in v7. You can use the `v7_startTransition` future flag to opt-in early. For more information, see https://reactrouter.com/v6/upgrading/future#v7_starttransition.
⚠️ React Router Future Flag Warning: Relative route resolution within Splat routes is changing in v7. You can use the `v7_relativeSplatPath` future flag to opt-in early. For more information, see https://reactrouter.com/v6/upgrading/future#v7_relativesplatpath.

 [32m✓[39m [30m[42m unit [49m[39m src/hooks/useSession.test.tsx [2m([22m[2m3 tests[22m[2m)[22m[32m 156[2mms[22m[39m
 [32m✓[39m [30m[42m unit [49m[39m src/components/settings/SubscriptionCancellationModal.test.tsx [2m([22m[2m2 tests[22m[2m)[22m[32m 114[2mms[22m[39m
[90mstderr[2m | src/page-models/useBetaHomePageModel.test.tsx[2m > [22m[2museBetaHomePageModel[2m > [22m[2mkeeps device issuance successful even if post-issue rename fails
[22m[39m⚠️ React Router Future Flag Warning: React Router will begin wrapping state updates in `React.startTransition` in v7. You can use the `v7_startTransition` future flag to opt-in early. For more information, see https://reactrouter.com/v6/upgrading/future#v7_starttransition.
⚠️ React Router Future Flag Warning: Relative route resolution within Splat routes is changing in v7. You can use the `v7_relativeSplatPath` future flag to opt-in early. For more information, see https://reactrouter.com/v6/upgrading/future#v7_relativesplatpath.

 [32m✓[39m [30m[42m unit [49m[39m src/page-models/useBetaHomePageModel.test.tsx [2m([22m[2m8 tests[22m[2m)[22m[32m 57[2mms[22m[39m
 [32m✓[39m [30m[42m unit [49m[39m src/page-models/useDevicesPageModel.device-limit.test.tsx [2m([22m[2m4 tests[22m[2m)[22m[32m 77[2mms[22m[39m
[90mstderr[2m | src/components/checkout/CheckoutFlowCard.test.tsx[2m > [22m[2mCheckoutFlowCard[2m > [22m[2mkeeps promo apply disabled until the user enters a code
[22m[39m⚠️ React Router Future Flag Warning: React Router will begin wrapping state updates in `React.startTransition` in v7. You can use the `v7_startTransition` future flag to opt-in early. For more information, see https://reactrouter.com/v6/upgrading/future#v7_starttransition.
⚠️ React Router Future Flag Warning: Relative route resolution within Splat routes is changing in v7. You can use the `v7_relativeSplatPath` future flag to opt-in early. For more information, see https://reactrouter.com/v6/upgrading/future#v7_relativesplatpath.

 [32m✓[39m [30m[42m unit [49m[39m src/components/checkout/CheckoutFlowCard.test.tsx [2m([22m[2m2 tests[22m[2m)[22m[32m 64[2mms[22m[39m
[90mstderr[2m | src/app/ShellContextBlock.test.tsx[2m > [22m[2mShellContextBlock[2m > [22m[2mnavigates back when the user swipes in from the left edge on mobile
[22m[39m⚠️ React Router Future Flag Warning: React Router will begin wrapping state updates in `React.startTransition` in v7. You can use the `v7_startTransition` future flag to opt-in early. For more information, see https://reactrouter.com/v6/upgrading/future#v7_starttransition.
⚠️ React Router Future Flag Warning: Relative route resolution within Splat routes is changing in v7. You can use the `v7_relativeSplatPath` future flag to opt-in early. For more information, see https://reactrouter.com/v6/upgrading/future#v7_relativesplatpath.

 [32m✓[39m [30m[42m unit [49m[39m src/app/ShellContextBlock.test.tsx [2m([22m[2m3 tests[22m[2m)[22m[32m 71[2mms[22m[39m
 [32m✓[39m [30m[42m unit [49m[39m src/app/AppRoot.test.tsx [2m([22m[2m1 test[22m[2m)[22m[32m 42[2mms[22m[39m
 [32m✓[39m [30m[42m unit [49m[39m src/lib/api-client/create-client.test.ts [2m([22m[2m10 tests[22m[2m)[22m[32m 26[2mms[22m[39m
 [32m✓[39m [30m[42m unit [49m[39m src/api/client.test.tsx [2m([22m[2m3 tests[22m[2m)[22m[32m 33[2mms[22m[39m
 [32m✓[39m [30m[42m unit [49m[39m src/page-models/useRestoreAccessPageModel.test.tsx [2m([22m[2m2 tests[22m[2m)[22m[32m 28[2mms[22m[39m
 [32m✓[39m [30m[42m unit [49m[39m src/page-models/useServerSelectionPageModel.test.tsx [2m([22m[2m2 tests[22m[2m)[22m[32m 39[2mms[22m[39m
[90mstderr[2m | src/page-models/useCheckoutPageModel.promo.test.tsx[2m > [22m[2museCheckoutPageModel promo flow[2m > [22m[2mexposes promo state and handlers
[22m[39m⚠️ React Router Future Flag Warning: React Router will begin wrapping state updates in `React.startTransition` in v7. You can use the `v7_startTransition` future flag to opt-in early. For more information, see https://reactrouter.com/v6/upgrading/future#v7_starttransition.
⚠️ React Router Future Flag Warning: Relative route resolution within Splat routes is changing in v7. You can use the `v7_relativeSplatPath` future flag to opt-in early. For more information, see https://reactrouter.com/v6/upgrading/future#v7_relativesplatpath.

 [32m✓[39m [30m[42m unit [49m[39m src/page-models/useCheckoutPageModel.promo.test.tsx [2m([22m[2m2 tests[22m[2m)[22m[32m 41[2mms[22m[39m
 [32m✓[39m [30m[42m unit [49m[39m src/context/TelegramContext.test.tsx [2m([22m[2m2 tests[22m[2m)[22m[32m 20[2mms[22m[39m
 [32m✓[39m [30m[42m unit [49m[39m src/page-models/useConnectStatusPageModel.test.tsx [2m([22m[2m4 tests[22m[2m)[22m[32m 29[2mms[22m[39m
 [32m✓[39m [30m[42m unit [49m[39m src/hooks/useTelemetry.test.ts [2m([22m[2m3 tests[22m[2m)[22m[32m 20[2mms[22m[39m
 [32m✓[39m [30m[42m unit [49m[39m src/page-models/useSupportPageModel.test.tsx [2m([22m[2m3 tests[22m[2m)[22m[32m 34[2mms[22m[39m
 [32m✓[39m [30m[42m unit [49m[39m src/page-models/useHomePageModel.test.tsx [2m([22m[2m2 tests[22m[2m)[22m[32m 17[2mms[22m[39m
 [32m✓[39m [30m[42m unit [49m[39m src/page-models/helpers.test.ts [2m([22m[2m10 tests[22m[2m)[22m[32m 10[2mms[22m[39m
 [32m✓[39m [30m[42m unit [49m[39m src/telemetry/webappTelemetry.test.ts [2m([22m[2m4 tests[22m[2m)[22m[32m 9[2mms[22m[39m
 [32m✓[39m [30m[42m unit [49m[39m src/bootstrap/authBootstrap.test.ts [2m([22m[2m4 tests[22m[2m)[22m[32m 7[2mms[22m[39m
 [32m✓[39m [30m[42m unit [49m[39m src/lib/query-keys/webapp.query-keys.test.ts [2m([22m[2m2 tests[22m[2m)[22m[32m 4[2mms[22m[39m
 [32m✓[39m [30m[42m unit [49m[39m src/bootstrap/referralCapture.test.ts [2m([22m[2m6 tests[22m[2m)[22m[32m 6[2mms[22m[39m
 [32m✓[39m [30m[42m unit [49m[39m src/page-models/upsell/upsell-engine.test.ts [2m([22m[2m9 tests[22m[2m)[22m[32m 7[2mms[22m[39m
 [32m✓[39m [30m[42m unit [49m[39m src/lib/i18n.test.ts [2m([22m[2m4 tests[22m[2m)[22m[32m 4[2mms[22m[39m
 [32m✓[39m [30m[42m unit [49m[39m src/lib/api-client/get-base-url.test.ts [2m([22m[2m1 test[22m[2m)[22m[32m 7[2mms[22m[39m
 [32m✓[39m [30m[42m unit [49m[39m src/api/endpoints/endpoints.test.ts [2m([22m[2m2 tests[22m[2m)[22m[32m 5[2mms[22m[39m
 [32m✓[39m [30m[42m unit [49m[39m src/utils/tailwindMergeLite.test.ts [2m([22m[2m6 tests[22m[2m)[22m[32m 3[2mms[22m[39m

[31m⎯⎯⎯⎯⎯⎯⎯[39m[1m[41m Failed Tests 7 [49m[22m[31m⎯⎯⎯⎯⎯⎯⎯[39m

[41m[1m FAIL [22m[49m [30m[42m unit [49m[39m src/pages/Home.test.tsx[2m > [22mHomePage[2m > [22mrenders the access-ready hierarchy with compact referral and setup-safe copy
[31m[1mTestingLibraryElementError[22m[39m: Unable to find an element with the text: Access is ready. This could be because the text is broken up by multiple elements. In this case, you can provide a function for your text matcher to make your matcher more flexible.

Ignored nodes: comments, script, style
[36m<body>[39m
  [36m<div>[39m
    [36m<div[39m
      [33mclass[39m=[32m"miniapp-page-scaffold page"[39m
    [36m>[39m
      [36m<div[39m
        [33mclass[39m=[32m"modern-header"[39m
        [33mdata-layer[39m=[32m"ModernHeader"[39m
      [36m>[39m
        [36m<div[39m
          [33mclass[39m=[32m"modern-header-left"[39m
        [36m>[39m
          [36m<div[39m
            [33mclass[39m=[32m"modern-profile-block"[39m
          [36m>[39m
            [36m<div[39m
              [33mclass[39m=[32m"modern-avatar"[39m
            [36m>[39m
              [36m<span>[39m
                [0mA[0m
              [36m</span>[39m
            [36m</div>[39m
            [36m<div[39m
              [33mclass[39m=[32m"modern-profile-info"[39m
            [36m>[39m
              [36m<div[39m
                [33mclass[39m=[32m"modern-header-title"[39m
              [36m>[39m
                [0mAlex[0m
              [36m</div>[39m
              [36m<div[39m
                [33mclass[39m=[32m"modern-header-label"[39m
              [36m>[39m
                [0mStarter[0m
              [36m</div>[39m
            [36m</div>[39m
          [36m</div>[39m
        [36m</div>[39m
        [36m<button[39m
          [33maria-label[39m=[32m"Settings"[39m
          [33mclass[39m=[32m"modern-icon-button"[39m
        [36m>[39m
          [36m<svg[39m
            [33mclass[39m=[32m"lucide lucide-settings"[39m
            [33mfill[39m=[32m"none"[39m
            [33mheight[39m=[32m"22"[39m
            [33mstroke[39m=[32m"currentColor"[39m
            [33mstroke-linecap[39m=[32m"round"[39m
            [33mstroke-linejoin[39m=[32m"round"[39m
            [33mstroke-width[39m=[32m"1.8"[39m
            [33mviewBox[39m=[32m"0 0 24 24"[39m
            [33mwidth[39m=[32m"22"[39m
            [33mxmlns[39m=[32m"http://www.w3.org/2000/svg"[39m
          [36m>[39m
            [36m<path[39m
              [33md[39m=[32m"M12.22 2h-.44a2 2 0 0 0-2 2v.18a2 2 0 0 1-1 1.73l-.43.25a2 2 0 0 1-2 0l-.15-.08a2 2 0 0 0-2.73.73l-.22.38a2 2 0 0 0 .73 2.73l.15.1a2 2 0 0 1 1 1.72v.51a2 2 0 0 1-1 1.74l-.15.09a2 2 0 0 0-.73 2.73l.22.38a2 2 0 0 0 2.73.73l.15-.08a2 2 0 0 1 2 0l.43.25a2 2 0 0 1 1 1.73V20a2 2 0 0 0 2 2h.44a2 2 0 0 0 2-2v-.18a2 2 0 0 1 1-1.73l.43-.25a2 2 0 0 1 2 0l.15.08a2 2 0 0 0 2.73-.73l.22-.39a2 2 0 0 0-.73-2.73l-.15-.08a2 2 0 0 1-1-1.74v-.5a2 2 0 0 1 1-1.74l.15-.09a2 2 0 0 0 .73-2.73l-.22-.38a2 2 0 0 0-2.73-.73l-.15.08a2 2 0 0 1-2 0l-.43-.25a2 2 0 0 1-1-1.73V4a2 2 0 0 0-2-2z"[39m
            [36m/>[39m
            [36m<circle[39m
              [33mcx[39m=[32m"12"[39m
              [33mcy[39m=[32m"12"[39m
              [33mr[39m=[32m"3"[39m
            [36m/>[39m
          [36m</svg>[39m
        [36m</button>[39m
      [36m</div>[39m
      [36m<div[39m
        [33mclass[39m=[32m"modern-hero-card"[39m
        [33mdata-status[39m=[32m"default"[39m
      [36m>[39m
        [36m<div[39m
          [33mclass[39m=[32m"modern-hero-indicator modern-hero-indicator--default"[39m
        [36m>[39m
          [36m<svg[39m
            [33mclass[39m=[32m"lucide lucide-shield"[39m
            [33mfill[39m=[32m"none"[39m
            [33mheight[39m=[32m"36"[39m
            [33mstroke[39m=[32m"currentColor"[39m
            [33mstroke-linecap[39m=[32m"round"[39m
            [33mstroke-linejoin[39m=[32m"round"[39m
            [33mstroke-width[39m=[32m"2"[39m
            [33mviewBox[39m=[32m"0 0 24 24"[39m
            [33mwidth[39m=[32m"36"[39m
            [33mxmlns[39m=[32m"http://www.w3.org/2000/svg"[39m
          [36m>[39m
            [36m<path[39m
              [33md[39m=[32m"M20 13c0 5-3.5 7.5-7.66 8.95a1 1 0 0 1-.67-.01C7.5 20.5 4 18 4 13V6a1 1 0 0 1 1-1c2 0 4.5-1.2 6.24-2.72a1.17 1.17 0 0 1 1.52 0C14.51 3.81 17 5 19 5a1 1 0 0 1 1 1z"[39m
            [36m/>[39m
          [36m</svg>[39m
        [36m</div>[39m
        [36m<div[39m
          [33mclass[39m=[32m"modern-hero-info"[39m
        [36m>[39m
          [36m<div[39m
            [33mclass[39m=[32m"modern-hero-title"[39m
          [36m>[39m
            [0mSetup Required[0m
          [36m</div>[39m
          [36m<div[39m
            [33mclass[39m=[32m"modern-hero-desc"[39m
          [36m>[39m
            [0mChoose a plan and add a device to generate your secure configuration.[0m
          [36m</div>[39m
        [36m</div>[39m
        [36m<div[39m
          [33mclass[39m=[32m"modern-hero-actions"[39m
        [36m>[39m
          [36m<button[39m
            [33mclass[39m=[32m"modern-primary-button modern-primary-button--success"[39m
          [36m>[39m
            [0mOpen in AmneziaVPN[0m
            [36m<svg[39m
              [33mclass[39m=[32m"lucide lucide-external-link"[39m
              [33mfill[39m=[32m"none"[39m
              [33mheight[39m=[32m"24"[39m
              [33mstroke[39m=[32m"currentColor"[39m
              [33mstroke-linecap[39m=[32m"round"[39m
              [33mstroke-linejoin[39m=[32m"round"[39m
              [33mstroke-width[39m=[32m"2"[39m
              [33mviewBox[39m=[32m"0 0 24 24"[39m
              [33mwidth[39m=[32m"24"[39m
              [33mxmlns[39m=[32m"http://www.w3.org/2000/svg"[39m
            [36m>[39m
              [36m<path[39m
                [33md[39m=[32m"M15 3h6v6"[39m
              [36m/>[39m
              [36m<path[39m
                [33md[39m=[32m"M10 14 21 3"[39m
              [36m/>[39m
              [36m<path[39m
                [33md[39m=[32m"M18 13v6a2 2 0 0 1-2 2H5a2 2 0 0 1-2-2V8a2 2 0 0 1 2-2h6"[39m
              [36m/>[39m
            [36m</svg>[39m
          [36m</button>[39m
        [36m</div>[39m
      [36m</div>[39m
      [36m<div[39m
        [33mclass[39m=[32m"modern-action-grid"[39m
      [36m>[39m
        [36m<div[39m
          [33mclass[39m=[32m"modern-action-card"[39m
        [36m>[39m
          [36m<span[39m
            [33mclass[39m=[32m"modern-action-label"[39m
          [36m>[39m
            [0mDevices[0m
          [36m</span>[39m
          [36m<span[39m
            [33mclass[39m=[32m"modern-action-value"[39m
          [36m>[39m
            [0m2[0m
            [0m / [0m
            [0m3[0m
          [36m</span>[39m
        [36m</div>[39m
        [36m<div[39m
          [33mclass[39m=[32m"modern-action-card modern-clickable"[39m
        [36m>[39m
          [36m<span[39m
            [33mclass[39m=[32m"modern-action-label"[39m
          [36m>[39m
            [0mValid Until[0m
          [36m</span>[39m
          [36m<span[39m
            [33mclass[39m=[32m"modern-action-value"[39m
          [36m>[39m
            [0mMay 1[0m
          [36m</span>[39m
        [36m</div>[39m
      [36m</div>[39m
      [36m<div[39m
        [33mclass[39m=[32m"modern-banner"[39m
      [36m>[39m
        [36m<div[39m
          [33mclass[39m=[32m"modern-banner-content"[39m
        [36m>[39m
          [36m<div[39m
            [33mclass[39m=[32m"modern-banner-icon"[39m
          [36m>[39m
            [36m<svg[39m
              [33mclass[39m=[32m"lucide lucide-users"[39m
              [33mfill[39m=[32m"none"[39m
              [33mheight[39m=[32m"20"[39m
              [33mstroke[39m=[32m"currentColor"[39m
              [33mstroke-linecap[39m=[32m"round"[39m
              [33mstroke-linejoin[39m=[32m"round"[39m
              [33mstroke-width[39m=[32m"2"[39m
              [33mviewBox[39m=[32m"0 0 24 24"[39m
              [33mwidth[39m=[32m"20"[39m
              [33mxmlns[39m=[32m"http://www.w3.org/2000/svg"[39m
            [36m>[39m
              [36m<path[39m
                [33md[39m=[32m"M16 21v-2a4 4 0 0 0-4-4H6a4 4 0 0 0-4 4v2"[39m
              [36m/>[39m
              [36m<circle[39m
                [33mcx[39m=[32m"9"[39m
                [33mcy[39m=[32m"7"[39m
                [33mr[39m=[32m"4"[39m
              [36m/>[39m
              [36m<path[39m
                [33md[39m=[32m"M22 21v-2a4 4 0 0 0-3-3.87"[39m
              [36m/>[39m
              [36m<path[39m
                [33md[39m=[32m"M16 3.13a4 4 0 0 1 0 7.75"[39m
              [36m/>[39m
            [36m</svg>[39m
          [36m</div>[39m
          [36m<div[39m
            [33mclass[39m=[32m"modern-banner-text"[39m
          [36m>[39m
            [36m<div[39m
              [33mclass[39m=[32m"modern-banner-title"[39m
            [36m>[39m
              [0mInvite Friends[0m
            [36m</div>[39m
            [36m<div[39m
              [33mclass[39m=[32m"modern-banner-desc"[39m
            [36m>[39m
              [0mGet free extensions[0m
            [36m</div>[39m
          [36m</div>[39m
        [36m</div>[39m
        [36m<svg[39m
          [33mclass[39m=[32m"lucide lucide-chevron-right modern-text-tertiary"[39m
          [33mfill[39m=[32m"none"[39m
          [33mheight[39m=[32m"18"[39m
          [33mstroke[39m=[32m"currentColor"[39m
          [33mstroke-linecap[39m=[32m"round"[39m
          [33mstroke-linejoin[39m=[32m"round"[39m
          [33mstroke-width[39m=[32m"2"[39m
          [33mviewBox[39m=[32m"0 0 24 24"[39m
          [33mwidth[39m=[32m"18"[39m
          [33mxmlns[39m=[32m"http://www.w3.org/2000/svg"[39m
        [36m>[39m
          [36m<path[39m
            [33md[39m=[32m"m9 18 6-6-6-6"[39m
          [36m/>[39m
        [36m</svg>[39m
      [36m</div>[39m
      [36m<div[39m
        [33mclass[39m=[32m"access-footer-help"[39m
      [36m>[39m
        [36m<p[39m
          [33mclass[39m=[32m"access-help-note"[39m
        [36m>[39m
          [0mHaving trouble? [0m
          [36m<span[39m
            [33mclass[39m=[32m"access-help-link"[39m
          [36m>[39m
            [0mView setup guide[0m
          [36m</span>[39m
        [36m</p>[39m
      [36m</div>[39m
    [36m</div>[39m
  [36m</div>[39m
[36m</body>[39m
[90m [2m❯[22m Object.getElementError ../node_modules/.pnpm/@testing-library+dom@10.4.1/node_modules/@testing-library/dom/dist/config.js:[2m37:19[22m[39m
[90m [2m❯[22m ../node_modules/.pnpm/@testing-library+dom@10.4.1/node_modules/@testing-library/dom/dist/query-helpers.js:[2m76:38[22m[39m
[90m [2m❯[22m ../node_modules/.pnpm/@testing-library+dom@10.4.1/node_modules/@testing-library/dom/dist/query-helpers.js:[2m52:17[22m[39m
[90m [2m❯[22m ../node_modules/.pnpm/@testing-library+dom@10.4.1/node_modules/@testing-library/dom/dist/query-helpers.js:[2m95:19[22m[39m
[36m [2m❯[22m src/pages/Home.test.tsx:[2m164:19[22m[39m
    [90m162| [39m    [34mrenderWithProviders[39m([33m<[39m[33mHomePage[39m [33m/[39m[33m>[39m)[33m;[39m
    [90m163| [39m
    [90m164| [39m    [34mexpect[39m(screen[33m.[39m[34mgetByText[39m([32m"Access is ready"[39m))[33m.[39m[34mtoBeInTheDocument[39m()[33m;[39m
    [90m   | [39m                  [31m^[39m
    [90m165| [39m    expect(screen.getAllByText("Open AmneziaVPN").length).toBeGreaterT…
    [90m166| [39m    [34mexpect[39m(screen[33m.[39m[34mgetByText[39m([32m"Share beta access"[39m))[33m.[39m[34mtoBeInTheDocument[39m()[33m;[39m

[31m[2m⎯⎯⎯⎯⎯⎯⎯⎯⎯⎯⎯⎯⎯⎯⎯⎯⎯⎯⎯⎯⎯⎯⎯⎯[1/7]⎯[22m[39m

[41m[1m FAIL [22m[49m [30m[42m unit [49m[39m src/pages/Home.test.tsx[2m > [22mHomePage[2m > [22mfalls back to device review instead of a fake app-open CTA when no launch payload exists
[31m[1mTestingLibraryElementError[22m[39m: Unable to find an element with the text: Open Devices. This could be because the text is broken up by multiple elements. In this case, you can provide a function for your text matcher to make your matcher more flexible.

Ignored nodes: comments, script, style
[36m<body>[39m
  [36m<div>[39m
    [36m<div[39m
      [33mclass[39m=[32m"miniapp-page-scaffold page"[39m
    [36m>[39m
      [36m<div[39m
        [33mclass[39m=[32m"modern-header"[39m
        [33mdata-layer[39m=[32m"ModernHeader"[39m
      [36m>[39m
        [36m<div[39m
          [33mclass[39m=[32m"modern-header-left"[39m
        [36m>[39m
          [36m<div[39m
            [33mclass[39m=[32m"modern-profile-block"[39m
          [36m>[39m
            [36m<div[39m
              [33mclass[39m=[32m"modern-avatar"[39m
            [36m>[39m
              [36m<span>[39m
                [0mA[0m
              [36m</span>[39m
            [36m</div>[39m
            [36m<div[39m
              [33mclass[39m=[32m"modern-profile-info"[39m
            [36m>[39m
              [36m<div[39m
                [33mclass[39m=[32m"modern-header-title"[39m
              [36m>[39m
                [0mAlex[0m
              [36m</div>[39m
              [36m<div[39m
                [33mclass[39m=[32m"modern-header-label"[39m
              [36m>[39m
                [0mStarter[0m
              [36m</div>[39m
            [36m</div>[39m
          [36m</div>[39m
        [36m</div>[39m
        [36m<button[39m
          [33maria-label[39m=[32m"Settings"[39m
          [33mclass[39m=[32m"modern-icon-button"[39m
        [36m>[39m
          [36m<svg[39m
            [33mclass[39m=[32m"lucide lucide-settings"[39m
            [33mfill[39m=[32m"none"[39m
            [33mheight[39m=[32m"22"[39m
            [33mstroke[39m=[32m"currentColor"[39m
            [33mstroke-linecap[39m=[32m"round"[39m
            [33mstroke-linejoin[39m=[32m"round"[39m
            [33mstroke-width[39m=[32m"1.8"[39m
            [33mviewBox[39m=[32m"0 0 24 24"[39m
            [33mwidth[39m=[32m"22"[39m
            [33mxmlns[39m=[32m"http://www.w3.org/2000/svg"[39m
          [36m>[39m
            [36m<path[39m
              [33md[39m=[32m"M12.22 2h-.44a2 2 0 0 0-2 2v.18a2 2 0 0 1-1 1.73l-.43.25a2 2 0 0 1-2 0l-.15-.08a2 2 0 0 0-2.73.73l-.22.38a2 2 0 0 0 .73 2.73l.15.1a2 2 0 0 1 1 1.72v.51a2 2 0 0 1-1 1.74l-.15.09a2 2 0 0 0-.73 2.73l.22.38a2 2 0 0 0 2.73.73l.15-.08a2 2 0 0 1 2 0l.43.25a2 2 0 0 1 1 1.73V20a2 2 0 0 0 2 2h.44a2 2 0 0 0 2-2v-.18a2 2 0 0 1 1-1.73l.43-.25a2 2 0 0 1 2 0l.15.08a2 2 0 0 0 2.73-.73l.22-.39a2 2 0 0 0-.73-2.73l-.15-.08a2 2 0 0 1-1-1.74v-.5a2 2 0 0 1 1-1.74l.15-.09a2 2 0 0 0 .73-2.73l-.22-.38a2 2 0 0 0-2.73-.73l-.15.08a2 2 0 0 1-2 0l-.43-.25a2 2 0 0 1-1-1.73V4a2 2 0 0 0-2-2z"[39m
            [36m/>[39m
            [36m<circle[39m
              [33mcx[39m=[32m"12"[39m
              [33mcy[39m=[32m"12"[39m
              [33mr[39m=[32m"3"[39m
            [36m/>[39m
          [36m</svg>[39m
        [36m</button>[39m
      [36m</div>[39m
      [36m<div[39m
        [33mclass[39m=[32m"modern-hero-card"[39m
        [33mdata-status[39m=[32m"default"[39m
      [36m>[39m
        [36m<div[39m
          [33mclass[39m=[32m"modern-hero-indicator modern-hero-indicator--default"[39m
        [36m>[39m
          [36m<svg[39m
            [33mclass[39m=[32m"lucide lucide-shield"[39m
            [33mfill[39m=[32m"none"[39m
            [33mheight[39m=[32m"36"[39m
            [33mstroke[39m=[32m"currentColor"[39m
            [33mstroke-linecap[39m=[32m"round"[39m
            [33mstroke-linejoin[39m=[32m"round"[39m
            [33mstroke-width[39m=[32m"2"[39m
            [33mviewBox[39m=[32m"0 0 24 24"[39m
            [33mwidth[39m=[32m"36"[39m
            [33mxmlns[39m=[32m"http://www.w3.org/2000/svg"[39m
          [36m>[39m
            [36m<path[39m
              [33md[39m=[32m"M20 13c0 5-3.5 7.5-7.66 8.95a1 1 0 0 1-.67-.01C7.5 20.5 4 18 4 13V6a1 1 0 0 1 1-1c2 0 4.5-1.2 6.24-2.72a1.17 1.17 0 0 1 1.52 0C14.51 3.81 17 5 19 5a1 1 0 0 1 1 1z"[39m
            [36m/>[39m
          [36m</svg>[39m
        [36m</div>[39m
        [36m<div[39m
          [33mclass[39m=[32m"modern-hero-info"[39m
        [36m>[39m
          [36m<div[39m
            [33mclass[39m=[32m"modern-hero-title"[39m
          [36m>[39m
            [0mSetup Required[0m
          [36m</div>[39m
          [36m<div[39m
            [33mclass[39m=[32m"modern-hero-desc"[39m
          [36m>[39m
            [0mChoose a plan and add a device to generate your secure configuration.[0m
          [36m</div>[39m
        [36m</div>[39m
        [36m<div[39m
          [33mclass[39m=[32m"modern-hero-actions"[39m
        [36m>[39m
          [36m<button[39m
            [33mclass[39m=[32m"modern-primary-button "[39m
          [36m>[39m
            [0mAdd Device[0m
            [36m<svg[39m
              [33mclass[39m=[32m"lucide lucide-arrow-right"[39m
              [33mfill[39m=[32m"none"[39m
              [33mheight[39m=[32m"24"[39m
              [33mstroke[39m=[32m"currentColor"[39m
              [33mstroke-linecap[39m=[32m"round"[39m
              [33mstroke-linejoin[39m=[32m"round"[39m
              [33mstroke-width[39m=[32m"2"[39m
              [33mviewBox[39m=[32m"0 0 24 24"[39m
              [33mwidth[39m=[32m"24"[39m
              [33mxmlns[39m=[32m"http://www.w3.org/2000/svg"[39m
            [36m>[39m
              [36m<path[39m
                [33md[39m=[32m"M5 12h14"[39m
              [36m/>[39m
              [36m<path[39m
                [33md[39m=[32m"m12 5 7 7-7 7"[39m
              [36m/>[39m
            [36m</svg>[39m
          [36m</button>[39m
        [36m</div>[39m
      [36m</div>[39m
      [36m<div[39m
        [33mclass[39m=[32m"modern-action-grid"[39m
      [36m>[39m
        [36m<div[39m
          [33mclass[39m=[32m"modern-action-card"[39m
        [36m>[39m
          [36m<span[39m
            [33mclass[39m=[32m"modern-action-label"[39m
          [36m>[39m
            [0mDevices[0m
          [36m</span>[39m
          [36m<span[39m
            [33mclass[39m=[32m"modern-action-value"[39m
          [36m>[39m
            [0m2[0m
            [0m / [0m
            [0m3[0m
          [36m</span>[39m
        [36m</div>[39m
        [36m<div[39m
          [33mclass[39m=[32m"modern-action-card modern-clickable"[39m
        [36m>[39m
          [36m<span[39m
            [33mclass[39m=[32m"modern-action-label"[39m
          [36m>[39m
            [0mValid Until[0m
          [36m</span>[39m
          [36m<span[39m
            [33mclass[39m=[32m"modern-action-value"[39m
          [36m>[39m
            [0mMay 1[0m
          [36m</span>[39m
        [36m</div>[39m
      [36m</div>[39m
      [36m<div[39m
        [33mclass[39m=[32m"modern-banner"[39m
      [36m>[39m
        [36m<div[39m
          [33mclass[39m=[32m"modern-banner-content"[39m
        [36m>[39m
          [36m<div[39m
            [33mclass[39m=[32m"modern-banner-icon"[39m
          [36m>[39m
            [36m<svg[39m
              [33mclass[39m=[32m"lucide lucide-users"[39m
              [33mfill[39m=[32m"none"[39m
              [33mheight[39m=[32m"20"[39m
              [33mstroke[39m=[32m"currentColor"[39m
              [33mstroke-linecap[39m=[32m"round"[39m
              [33mstroke-linejoin[39m=[32m"round"[39m
              [33mstroke-width[39m=[32m"2"[39m
              [33mviewBox[39m=[32m"0 0 24 24"[39m
              [33mwidth[39m=[32m"20"[39m
              [33mxmlns[39m=[32m"http://www.w3.org/2000/svg"[39m
            [36m>[39m
              [36m<path[39m
                [33md[39m=[32m"M16 21v-2a4 4 0 0 0-4-4H6a4 4 0 0 0-4 4v2"[39m
              [36m/>[39m
              [36m<circle[39m
                [33mcx[39m=[32m"9"[39m
                [33mcy[39m=[32m"7"[39m
                [33mr[39m=[32m"4"[39m
              [36m/>[39m
              [36m<path[39m
                [33md[39m=[32m"M22 21v-2a4 4 0 0 0-3-3.87"[39m
              [36m/>[39m
              [36m<path[39m
                [33md[39m=[32m"M16 3.13a4 4 0 0 1 0 7.75"[39m
              [36m/>[39m
            [36m</svg>[39m
          [36m</div>[39m
          [36m<div[39m
            [33mclass[39m=[32m"modern-banner-text"[39m
          [36m>[39m
            [36m<div[39m
              [33mclass[39m=[32m"modern-banner-title"[39m
            [36m>[39m
              [0mInvite Friends[0m
            [36m</div>[39m
            [36m<div[39m
              [33mclass[39m=[32m"modern-banner-desc"[39m
            [36m>[39m
              [0mGet free extensions[0m
            [36m</div>[39m
          [36m</div>[39m
        [36m</div>[39m
        [36m<svg[39m
          [33mclass[39m=[32m"lucide lucide-chevron-right modern-text-tertiary"[39m
          [33mfill[39m=[32m"none"[39m
          [33mheight[39m=[32m"18"[39m
          [33mstroke[39m=[32m"currentColor"[39m
          [33mstroke-linecap[39m=[32m"round"[39m
          [33mstroke-linejoin[39m=[32m"round"[39m
          [33mstroke-width[39m=[32m"2"[39m
          [33mviewBox[39m=[32m"0 0 24 24"[39m
          [33mwidth[39m=[32m"18"[39m
          [33mxmlns[39m=[32m"http://www.w3.org/2000/svg"[39m
        [36m>[39m
          [36m<path[39m
            [33md[39m=[32m"m9 18 6-6-6-6"[39m
          [36m/>[39m
        [36m</svg>[39m
      [36m</div>[39m
      [36m<div[39m
        [33mclass[39m=[32m"access-footer-help"[39m
      [36m>[39m
        [36m<p[39m
          [33mclass[39m=[32m"access-help-note"[39m
        [36m>[39m
          [0mHaving trouble? [0m
          [36m<span[39m
            [33mclass[39m=[32m"access-help-link"[39m
          [36m>[39m
            [0mView setup guide[0m
          [36m</span>[39m
        [36m</p>[39m
      [36m</div>[39m
    [36m</div>[39m
  [36m</div>[39m
[36m</body>[39m
[90m [2m❯[22m Object.getElementError ../node_modules/.pnpm/@testing-library+dom@10.4.1/node_modules/@testing-library/dom/dist/config.js:[2m37:19[22m[39m
[90m [2m❯[22m ../node_modules/.pnpm/@testing-library+dom@10.4.1/node_modules/@testing-library/dom/dist/query-helpers.js:[2m76:38[22m[39m
[90m [2m❯[22m ../node_modules/.pnpm/@testing-library+dom@10.4.1/node_modules/@testing-library/dom/dist/query-helpers.js:[2m109:15[22m[39m
[36m [2m❯[22m src/pages/Home.test.tsx:[2m192:19[22m[39m
    [90m190| [39m    [34mrenderWithProviders[39m([33m<[39m[33mHomePage[39m [33m/[39m[33m>[39m)[33m;[39m
    [90m191| [39m
    [90m192| [39m    expect(screen.getAllByText("Open Devices").length).toBeGreaterThan…
    [90m   | [39m                  [31m^[39m
    [90m193| [39m    expect(screen.queryByRole("button", { name: "Open AmneziaVPN" })).…
    [90m194| [39m  })[33m;[39m

[31m[2m⎯⎯⎯⎯⎯⎯⎯⎯⎯⎯⎯⎯⎯⎯⎯⎯⎯⎯⎯⎯⎯⎯⎯⎯[2/7]⎯[22m[39m

[41m[1m FAIL [22m[49m [30m[42m unit [49m[39m src/pages/Home.test.tsx[2m > [22mHomePage[2m > [22mprioritizes add-device setup and hides referral when no device exists yet
[31m[1mTestingLibraryElementError[22m[39m: Unable to find an element with the text: Add your first device. This could be because the text is broken up by multiple elements. In this case, you can provide a function for your text matcher to make your matcher more flexible.

Ignored nodes: comments, script, style
[36m<body>[39m
  [36m<div>[39m
    [36m<div[39m
      [33mclass[39m=[32m"miniapp-page-scaffold page"[39m
    [36m>[39m
      [36m<div[39m
        [33mclass[39m=[32m"modern-header"[39m
        [33mdata-layer[39m=[32m"ModernHeader"[39m
      [36m>[39m
        [36m<div[39m
          [33mclass[39m=[32m"modern-header-left"[39m
        [36m>[39m
          [36m<div[39m
            [33mclass[39m=[32m"modern-profile-block"[39m
          [36m>[39m
            [36m<div[39m
              [33mclass[39m=[32m"modern-avatar"[39m
            [36m>[39m
              [36m<span>[39m
                [0mA[0m
              [36m</span>[39m
            [36m</div>[39m
            [36m<div[39m
              [33mclass[39m=[32m"modern-profile-info"[39m
            [36m>[39m
              [36m<div[39m
                [33mclass[39m=[32m"modern-header-title"[39m
              [36m>[39m
                [0mAlex[0m
              [36m</div>[39m
              [36m<div[39m
                [33mclass[39m=[32m"modern-header-label"[39m
              [36m>[39m
                [0mStarter[0m
              [36m</div>[39m
            [36m</div>[39m
          [36m</div>[39m
        [36m</div>[39m
        [36m<button[39m
          [33maria-label[39m=[32m"Settings"[39m
          [33mclass[39m=[32m"modern-icon-button"[39m
        [36m>[39m
          [36m<svg[39m
            [33mclass[39m=[32m"lucide lucide-settings"[39m
            [33mfill[39m=[32m"none"[39m
            [33mheight[39m=[32m"22"[39m
            [33mstroke[39m=[32m"currentColor"[39m
            [33mstroke-linecap[39m=[32m"round"[39m
            [33mstroke-linejoin[39m=[32m"round"[39m
            [33mstroke-width[39m=[32m"1.8"[39m
            [33mviewBox[39m=[32m"0 0 24 24"[39m
            [33mwidth[39m=[32m"22"[39m
            [33mxmlns[39m=[32m"http://www.w3.org/2000/svg"[39m
          [36m>[39m
            [36m<path[39m
              [33md[39m=[32m"M12.22 2h-.44a2 2 0 0 0-2 2v.18a2 2 0 0 1-1 1.73l-.43.25a2 2 0 0 1-2 0l-.15-.08a2 2 0 0 0-2.73.73l-.22.38a2 2 0 0 0 .73 2.73l.15.1a2 2 0 0 1 1 1.72v.51a2 2 0 0 1-1 1.74l-.15.09a2 2 0 0 0-.73 2.73l.22.38a2 2 0 0 0 2.73.73l.15-.08a2 2 0 0 1 2 0l.43.25a2 2 0 0 1 1 1.73V20a2 2 0 0 0 2 2h.44a2 2 0 0 0 2-2v-.18a2 2 0 0 1 1-1.73l.43-.25a2 2 0 0 1 2 0l.15.08a2 2 0 0 0 2.73-.73l.22-.39a2 2 0 0 0-.73-2.73l-.15-.08a2 2 0 0 1-1-1.74v-.5a2 2 0 0 1 1-1.74l.15-.09a2 2 0 0 0 .73-2.73l-.22-.38a2 2 0 0 0-2.73-.73l-.15.08a2 2 0 0 1-2 0l-.43-.25a2 2 0 0 1-1-1.73V4a2 2 0 0 0-2-2z"[39m
            [36m/>[39m
            [36m<circle[39m
              [33mcx[39m=[32m"12"[39m
              [33mcy[39m=[32m"12"[39m
              [33mr[39m=[32m"3"[39m
            [36m/>[39m
          [36m</svg>[39m
        [36m</button>[39m
      [36m</div>[39m
      [36m<div[39m
        [33mclass[39m=[32m"modern-hero-card"[39m
        [33mdata-status[39m=[32m"default"[39m
      [36m>[39m
        [36m<div[39m
          [33mclass[39m=[32m"modern-hero-indicator modern-hero-indicator--default"[39m
        [36m>[39m
          [36m<svg[39m
            [33mclass[39m=[32m"lucide lucide-shield"[39m
            [33mfill[39m=[32m"none"[39m
            [33mheight[39m=[32m"36"[39m
            [33mstroke[39m=[32m"currentColor"[39m
            [33mstroke-linecap[39m=[32m"round"[39m
            [33mstroke-linejoin[39m=[32m"round"[39m
            [33mstroke-width[39m=[32m"2"[39m
            [33mviewBox[39m=[32m"0 0 24 24"[39m
            [33mwidth[39m=[32m"36"[39m
            [33mxmlns[39m=[32m"http://www.w3.org/2000/svg"[39m
          [36m>[39m
            [36m<path[39m
              [33md[39m=[32m"M20 13c0 5-3.5 7.5-7.66 8.95a1 1 0 0 1-.67-.01C7.5 20.5 4 18 4 13V6a1 1 0 0 1 1-1c2 0 4.5-1.2 6.24-2.72a1.17 1.17 0 0 1 1.52 0C14.51 3.81 17 5 19 5a1 1 0 0 1 1 1z"[39m
            [36m/>[39m
          [36m</svg>[39m
        [36m</div>[39m
        [36m<div[39m
          [33mclass[39m=[32m"modern-hero-info"[39m
        [36m>[39m
          [36m<div[39m
            [33mclass[39m=[32m"modern-hero-title"[39m
          [36m>[39m
            [0mSetup Required[0m
          [36m</div>[39m
          [36m<div[39m
            [33mclass[39m=[32m"modern-hero-desc"[39m
          [36m>[39m
            [0mChoose a plan and add a device to generate your secure configuration.[0m
          [36m</div>[39m
        [36m</div>[39m
        [36m<div[39m
          [33mclass[39m=[32m"modern-hero-actions"[39m
        [36m>[39m
          [36m<button[39m
            [33mclass[39m=[32m"modern-primary-button modern-primary-button--success"[39m
          [36m>[39m
            [0mOpen in AmneziaVPN[0m
            [36m<svg[39m
              [33mclass[39m=[32m"lucide lucide-external-link"[39m
              [33mfill[39m=[32m"none"[39m
              [33mheight[39m=[32m"24"[39m
              [33mstroke[39m=[32m"currentColor"[39m
              [33mstroke-linecap[39m=[32m"round"[39m
              [33mstroke-linejoin[39m=[32m"round"[39m
              [33mstroke-width[39m=[32m"2"[39m
              [33mviewBox[39m=[32m"0 0 24 24"[39m
              [33mwidth[39m=[32m"24"[39m
              [33mxmlns[39m=[32m"http://www.w3.org/2000/svg"[39m
            [36m>[39m
              [36m<path[39m
                [33md[39m=[32m"M15 3h6v6"[39m
              [36m/>[39m
              [36m<path[39m
                [33md[39m=[32m"M10 14 21 3"[39m
              [36m/>[39m
              [36m<path[39m
                [33md[39m=[32m"M18 13v6a2 2 0 0 1-2 2H5a2 2 0 0 1-2-2V8a2 2 0 0 1 2-2h6"[39m
              [36m/>[39m
            [36m</svg>[39m
          [36m</button>[39m
        [36m</div>[39m
      [36m</div>[39m
      [36m<div[39m
        [33mclass[39m=[32m"modern-action-grid"[39m
      [36m>[39m
        [36m<div[39m
          [33mclass[39m=[32m"modern-action-card"[39m
        [36m>[39m
          [36m<span[39m
            [33mclass[39m=[32m"modern-action-label"[39m
          [36m>[39m
            [0mDevices[0m
          [36m</span>[39m
          [36m<span[39m
            [33mclass[39m=[32m"modern-action-value"[39m
          [36m>[39m
            [0m0[0m
            [0m / [0m
            [0m3[0m
          [36m</span>[39m
        [36m</div>[39m
        [36m<div[39m
          [33mclass[39m=[32m"modern-action-card modern-clickable"[39m
        [36m>[39m
          [36m<span[39m
            [33mclass[39m=[32m"modern-action-label"[39m
          [36m>[39m
            [0mValid Until[0m
          [36m</span>[39m
          [36m<span[39m
            [33mclass[39m=[32m"modern-action-value"[39m
          [36m>[39m
            [0mMay 1[0m
          [36m</span>[39m
        [36m</div>[39m
      [36m</div>[39m
      [36m<div[39m
        [33mclass[39m=[32m"modern-banner"[39m
      [36m>[39m
        [36m<div[39m
          [33mclass[39m=[32m"modern-banner-content"[39m
        [36m>[39m
          [36m<div[39m
            [33mclass[39m=[32m"modern-banner-icon"[39m
          [36m>[39m
            [36m<svg[39m
              [33mclass[39m=[32m"lucide lucide-users"[39m
              [33mfill[39m=[32m"none"[39m
              [33mheight[39m=[32m"20"[39m
              [33mstroke[39m=[32m"currentColor"[39m
              [33mstroke-linecap[39m=[32m"round"[39m
              [33mstroke-linejoin[39m=[32m"round"[39m
              [33mstroke-width[39m=[32m"2"[39m
              [33mviewBox[39m=[32m"0 0 24 24"[39m
              [33mwidth[39m=[32m"20"[39m
              [33mxmlns[39m=[32m"http://www.w3.org/2000/svg"[39m
            [36m>[39m
              [36m<path[39m
                [33md[39m=[32m"M16 21v-2a4 4 0 0 0-4-4H6a4 4 0 0 0-4 4v2"[39m
              [36m/>[39m
              [36m<circle[39m
                [33mcx[39m=[32m"9"[39m
                [33mcy[39m=[32m"7"[39m
                [33mr[39m=[32m"4"[39m
              [36m/>[39m
              [36m<path[39m
                [33md[39m=[32m"M22 21v-2a4 4 0 0 0-3-3.87"[39m
              [36m/>[39m
              [36m<path[39m
                [33md[39m=[32m"M16 3.13a4 4 0 0 1 0 7.75"[39m
              [36m/>[39m
            [36m</svg>[39m
          [36m</div>[39m
          [36m<div[39m
            [33mclass[39m=[32m"modern-banner-text"[39m
          [36m>[39m
            [36m<div[39m
              [33mclass[39m=[32m"modern-banner-title"[39m
            [36m>[39m
              [0mInvite Friends[0m
            [36m</div>[39m
            [36m<div[39m
              [33mclass[39m=[32m"modern-banner-desc"[39m
            [36m>[39m
              [0mGet free extensions[0m
            [36m</div>[39m
          [36m</div>[39m
        [36m</div>[39m
        [36m<svg[39m
          [33mclass[39m=[32m"lucide lucide-chevron-right modern-text-tertiary"[39m
          [33mfill[39m=[32m"none"[39m
          [33mheight[39m=[32m"18"[39m
          [33mstroke[39m=[32m"currentColor"[39m
          [33mstroke-linecap[39m=[32m"round"[39m
          [33mstroke-linejoin[39m=[32m"round"[39m
          [33mstroke-width[39m=[32m"2"[39m
          [33mviewBox[39m=[32m"0 0 24 24"[39m
          [33mwidth[39m=[32m"18"[39m
          [33mxmlns[39m=[32m"http://www.w3.org/2000/svg"[39m
        [36m>[39m
          [36m<path[39m
            [33md[39m=[32m"m9 18 6-6-6-6"[39m
          [36m/>[39m
        [36m</svg>[39m
      [36m</div>[39m
      [36m<div[39m
        [33mclass[39m=[32m"access-footer-help"[39m
      [36m>[39m
        [36m<p[39m
          [33mclass[39m=[32m"access-help-note"[39m
        [36m>[39m
          [0mHaving trouble? [0m
          [36m<span[39m
            [33mclass[39m=[32m"access-help-link"[39m
          [36m>[39m
            [0mView setup guide[0m
          [36m</span>[39m
        [36m</p>[39m
      [36m</div>[39m
    [36m</div>[39m
  [36m</div>[39m
[36m</body>[39m
[90m [2m❯[22m Object.getElementError ../node_modules/.pnpm/@testing-library+dom@10.4.1/node_modules/@testing-library/dom/dist/config.js:[2m37:19[22m[39m
[90m [2m❯[22m ../node_modules/.pnpm/@testing-library+dom@10.4.1/node_modules/@testing-library/dom/dist/query-helpers.js:[2m76:38[22m[39m
[90m [2m❯[22m ../node_modules/.pnpm/@testing-library+dom@10.4.1/node_modules/@testing-library/dom/dist/query-helpers.js:[2m109:15[22m[39m
[36m [2m❯[22m src/pages/Home.test.tsx:[2m257:19[22m[39m
    [90m255| [39m    [34mrenderWithProviders[39m([33m<[39m[33mHomePage[39m [33m/[39m[33m>[39m)[33m;[39m
    [90m256| [39m
    [90m257| [39m    expect(screen.getAllByText("Add your first device").length).toBeGr…
    [90m   | [39m                  [31m^[39m
    [90m258| [39m    expect(screen.getAllByText("Open Devices").length).toBeGreaterThan…
    [90m259| [39m    [34mexpect[39m(screen[33m.[39m[34mqueryByText[39m([32m"Device name"[39m))[33m.[39mnot[33m.[39m[34mtoBeInTheDocument[39m()[33m;[39m

[31m[2m⎯⎯⎯⎯⎯⎯⎯⎯⎯⎯⎯⎯⎯⎯⎯⎯⎯⎯⎯⎯⎯⎯⎯⎯[3/7]⎯[22m[39m

[41m[1m FAIL [22m[49m [30m[42m unit [49m[39m src/pages/Home.test.tsx[2m > [22mHomePage[2m > [22mshows restore-state priority and redesigned home plans for expired access
[31m[1mTestingLibraryElementError[22m[39m: Unable to find an element with the text: Restore access before grace ends. This could be because the text is broken up by multiple elements. In this case, you can provide a function for your text matcher to make your matcher more flexible.

Ignored nodes: comments, script, style
[36m<body>[39m
  [36m<div>[39m
    [36m<div[39m
      [33mclass[39m=[32m"miniapp-page-scaffold page"[39m
    [36m>[39m
      [36m<div[39m
        [33mclass[39m=[32m"modern-header"[39m
        [33mdata-layer[39m=[32m"ModernHeader"[39m
      [36m>[39m
        [36m<div[39m
          [33mclass[39m=[32m"modern-header-left"[39m
        [36m>[39m
          [36m<div[39m
            [33mclass[39m=[32m"modern-profile-block"[39m
          [36m>[39m
            [36m<div[39m
              [33mclass[39m=[32m"modern-avatar"[39m
            [36m>[39m
              [36m<span>[39m
                [0mA[0m
              [36m</span>[39m
            [36m</div>[39m
            [36m<div[39m
              [33mclass[39m=[32m"modern-profile-info"[39m
            [36m>[39m
              [36m<div[39m
                [33mclass[39m=[32m"modern-header-title"[39m
              [36m>[39m
                [0mAlex[0m
              [36m</div>[39m
              [36m<div[39m
                [33mclass[39m=[32m"modern-header-label"[39m
              [36m>[39m
                [0mStarter[0m
              [36m</div>[39m
            [36m</div>[39m
          [36m</div>[39m
        [36m</div>[39m
        [36m<button[39m
          [33maria-label[39m=[32m"Settings"[39m
          [33mclass[39m=[32m"modern-icon-button"[39m
        [36m>[39m
          [36m<svg[39m
            [33mclass[39m=[32m"lucide lucide-settings"[39m
            [33mfill[39m=[32m"none"[39m
            [33mheight[39m=[32m"22"[39m
            [33mstroke[39m=[32m"currentColor"[39m
            [33mstroke-linecap[39m=[32m"round"[39m
            [33mstroke-linejoin[39m=[32m"round"[39m
            [33mstroke-width[39m=[32m"1.8"[39m
            [33mviewBox[39m=[32m"0 0 24 24"[39m
            [33mwidth[39m=[32m"22"[39m
            [33mxmlns[39m=[32m"http://www.w3.org/2000/svg"[39m
          [36m>[39m
            [36m<path[39m
              [33md[39m=[32m"M12.22 2h-.44a2 2 0 0 0-2 2v.18a2 2 0 0 1-1 1.73l-.43.25a2 2 0 0 1-2 0l-.15-.08a2 2 0 0 0-2.73.73l-.22.38a2 2 0 0 0 .73 2.73l.15.1a2 2 0 0 1 1 1.72v.51a2 2 0 0 1-1 1.74l-.15.09a2 2 0 0 0-.73 2.73l.22.38a2 2 0 0 0 2.73.73l.15-.08a2 2 0 0 1 2 0l.43.25a2 2 0 0 1 1 1.73V20a2 2 0 0 0 2 2h.44a2 2 0 0 0 2-2v-.18a2 2 0 0 1 1-1.73l.43-.25a2 2 0 0 1 2 0l.15.08a2 2 0 0 0 2.73-.73l.22-.39a2 2 0 0 0-.73-2.73l-.15-.08a2 2 0 0 1-1-1.74v-.5a2 2 0 0 1 1-1.74l.15-.09a2 2 0 0 0 .73-2.73l-.22-.38a2 2 0 0 0-2.73-.73l-.15.08a2 2 0 0 1-2 0l-.43-.25a2 2 0 0 1-1-1.73V4a2 2 0 0 0-2-2z"[39m
            [36m/>[39m
            [36m<circle[39m
              [33mcx[39m=[32m"12"[39m
              [33mcy[39m=[32m"12"[39m
              [33mr[39m=[32m"3"[39m
            [36m/>[39m
          [36m</svg>[39m
        [36m</button>[39m
      [36m</div>[39m
      [36m<div[39m
        [33mclass[39m=[32m"modern-hero-card"[39m
        [33mdata-status[39m=[32m"danger"[39m
      [36m>[39m
        [36m<div[39m
          [33mclass[39m=[32m"modern-hero-indicator modern-hero-indicator--danger"[39m
        [36m>[39m
          [36m<svg[39m
            [33mclass[39m=[32m"lucide lucide-triangle-alert"[39m
            [33mfill[39m=[32m"none"[39m
            [33mheight[39m=[32m"36"[39m
            [33mstroke[39m=[32m"currentColor"[39m
            [33mstroke-linecap[39m=[32m"round"[39m
            [33mstroke-linejoin[39m=[32m"round"[39m
            [33mstroke-width[39m=[32m"2"[39m
            [33mviewBox[39m=[32m"0 0 24 24"[39m
            [33mwidth[39m=[32m"36"[39m
            [33mxmlns[39m=[32m"http://www.w3.org/2000/svg"[39m
          [36m>[39m
            [36m<path[39m
              [33md[39m=[32m"m21.73 18-8-14a2 2 0 0 0-3.48 0l-8 14A2 2 0 0 0 4 21h16a2 2 0 0 0 1.73-3"[39m
            [36m/>[39m
            [36m<path[39m
              [33md[39m=[32m"M12 9v4"[39m
            [36m/>[39m
            [36m<path[39m
              [33md[39m=[32m"M12 17h.01"[39m
            [36m/>[39m
          [36m</svg>[39m
        [36m</div>[39m
        [36m<div[39m
          [33mclass[39m=[32m"modern-hero-info"[39m
        [36m>[39m
          [36m<div[39m
            [33mclass[39m=[32m"modern-hero-title"[39m
          [36m>[39m
            [0mAccess Expired[0m
          [36m</div>[39m
          [36m<div[39m
            [33mclass[39m=[32m"modern-hero-desc"[39m
          [36m>[39m
            [0mYour subscription has ended. Restore access to continue using the VPN.[0m
          [36m</div>[39m
        [36m</div>[39m
        [36m<div[39m
          [33mclass[39m=[32m"modern-hero-actions"[39m
        [36m>[39m
          [36m<button[39m
            [33mclass[39m=[32m"modern-primary-button "[39m
          [36m>[39m
            [0mRestore Access[0m
            [36m<svg[39m
              [33mclass[39m=[32m"lucide lucide-arrow-right"[39m
              [33mfill[39m=[32m"none"[39m
              [33mheight[39m=[32m"24"[39m
              [33mstroke[39m=[32m"currentColor"[39m
              [33mstroke-linecap[39m=[32m"round"[39m
              [33mstroke-linejoin[39m=[32m"round"[39m
              [33mstroke-width[39m=[32m"2"[39m
              [33mviewBox[39m=[32m"0 0 24 24"[39m
              [33mwidth[39m=[32m"24"[39m
              [33mxmlns[39m=[32m"http://www.w3.org/2000/svg"[39m
            [36m>[39m
              [36m<path[39m
                [33md[39m=[32m"M5 12h14"[39m
              [36m/>[39m
              [36m<path[39m
                [33md[39m=[32m"m12 5 7 7-7 7"[39m
              [36m/>[39m
            [36m</svg>[39m
          [36m</button>[39m
        [36m</div>[39m
      [36m</div>[39m
      [36m<div[39m
        [33mclass[39m=[32m"modern-action-grid"[39m
      [36m>[39m
        [36m<div[39m
          [33mclass[39m=[32m"modern-action-card"[39m
        [36m>[39m
          [36m<span[39m
            [33mclass[39m=[32m"modern-action-label"[39m
          [36m>[39m
            [0mDevices[0m
          [36m</span>[39m
          [36m<span[39m
            [33mclass[39m=[32m"modern-action-value"[39m
          [36m>[39m
            [0m2[0m
            [0m / [0m
            [0m3[0m
          [36m</span>[39m
        [36m</div>[39m
        [36m<div[39m
          [33mclass[39m=[32m"modern-action-card modern-clickable"[39m
        [36m>[39m
          [36m<span[39m
            [33mclass[39m=[32m"modern-action-label"[39m
          [36m>[39m
            [0mValid Until[0m
          [36m</span>[39m
          [36m<span[39m
            [33mclass[39m=[32m"modern-action-value"[39m
          [36m>[39m
            [0mMay 1[0m
          [36m</span>[39m
        [36m</div>[39m
      [36m</div>[39m
      [36m<div[39m
        [33mclass[39m=[32m"modern-banner"[39m
      [36m>[39m
        [36m<div[39m
          [33mclass[39m=[32m"modern-banner-content"[39m
        [36m>[39m
          [36m<div[39m
            [33mclass[39m=[32m"modern-banner-icon"[39m
          [36m>[39m
            [36m<svg[39m
              [33mclass[39m=[32m"lucide lucide-users"[39m
              [33mfill[39m=[32m"none"[39m
              [33mheight[39m=[32m"20"[39m
              [33mstroke[39m=[32m"currentColor"[39m
              [33mstroke-linecap[39m=[32m"round"[39m
              [33mstroke-linejoin[39m=[32m"round"[39m
              [33mstroke-width[39m=[32m"2"[39m
              [33mviewBox[39m=[32m"0 0 24 24"[39m
              [33mwidth[39m=[32m"20"[39m
              [33mxmlns[39m=[32m"http://www.w3.org/2000/svg"[39m
            [36m>[39m
              [36m<path[39m
                [33md[39m=[32m"M16 21v-2a4 4 0 0 0-4-4H6a4 4 0 0 0-4 4v2"[39m
              [36m/>[39m
              [36m<circle[39m
                [33mcx[39m=[32m"9"[39m
                [33mcy[39m=[32m"7"[39m
                [33mr[39m=[32m"4"[39m
              [36m/>[39m
              [36m<path[39m
                [33md[39m=[32m"M22 21v-2a4 4 0 0 0-3-3.87"[39m
              [36m/>[39m
              [36m<path[39m
                [33md[39m=[32m"M16 3.13a4 4 0 0 1 0 7.75"[39m
              [36m/>[39m
            [36m</svg>[39m
          [36m</div>[39m
          [36m<div[39m
            [33mclass[39m=[32m"modern-banner-text"[39m
          [36m>[39m
            [36m<div[39m
              [33mclass[39m=[32m"modern-banner-title"[39m
            [36m>[39m
              [0mInvite Friends[0m
            [36m</div>[39m
            [36m<div[39m
              [33mclass[39m=[32m"modern-banner-desc"[39m
            [36m>[39m
              [0mGet free extensions[0m
            [36m</div>[39m
          [36m</div>[39m
        [36m</div>[39m
        [36m<svg[39m
          [33mclass[39m=[32m"lucide lucide-chevron-right modern-text-tertiary"[39m
          [33mfill[39m=[32m"none"[39m
          [33mheight[39m=[32m"18"[39m
          [33mstroke[39m=[32m"currentColor"[39m
          [33mstroke-linecap[39m=[32m"round"[39m
          [33mstroke-linejoin[39m=[32m"round"[39m
          [33mstroke-width[39m=[32m"2"[39m
          [33mviewBox[39m=[32m"0 0 24 24"[39m
          [33mwidth[39m=[32m"18"[39m
          [33mxmlns[39m=[32m"http://www.w3.org/2000/svg"[39m
        [36m>[39m
          [36m<path[39m
            [33md[39m=[32m"m9 18 6-6-6-6"[39m
          [36m/>[39m
        [36m</svg>[39m
      [36m</div>[39m
      [36m<div[39m
        [33mclass[39m=[32m"access-footer-help"[39m
      [36m>[39m
        [36m<p[39m
          [33mclass[39m=[32m"access-help-note"[39m
        [36m>[39m
          [0mHaving trouble? [0m
          [36m<span[39m
            [33mclass[39m=[32m"access-help-link"[39m
          [36m>[39m
            [0mView setup guide[0m
          [36m</span>[39m
        [36m</p>[39m
      [36m</div>[39m
    [36m</div>[39m
  [36m</div>[39m
[36m</body>[39m
[90m [2m❯[22m Object.getElementError ../node_modules/.pnpm/@testing-library+dom@10.4.1/node_modules/@testing-library/dom/dist/config.js:[2m37:19[22m[39m
[90m [2m❯[22m ../node_modules/.pnpm/@testing-library+dom@10.4.1/node_modules/@testing-library/dom/dist/query-helpers.js:[2m76:38[22m[39m
[90m [2m❯[22m ../node_modules/.pnpm/@testing-library+dom@10.4.1/node_modules/@testing-library/dom/dist/query-helpers.js:[2m52:17[22m[39m
[90m [2m❯[22m ../node_modules/.pnpm/@testing-library+dom@10.4.1/node_modules/@testing-library/dom/dist/query-helpers.js:[2m95:19[22m[39m
[36m [2m❯[22m src/pages/Home.test.tsx:[2m325:19[22m[39m
    [90m323| [39m    [34mrenderWithProviders[39m([33m<[39m[33mHomePage[39m [33m/[39m[33m>[39m)[33m;[39m
    [90m324| [39m
    [90m325| [39m    expect(screen.getByText("Restore access before grace ends")).toBeI…
    [90m   | [39m                  [31m^[39m
    [90m326| [39m    expect(screen.getAllByText("Restore access").length).toBeGreaterTh…
    [90m327| [39m    expect(screen.queryByText("Share beta access")).not.toBeInTheDocum…

[31m[2m⎯⎯⎯⎯⎯⎯⎯⎯⎯⎯⎯⎯⎯⎯⎯⎯⎯⎯⎯⎯⎯⎯⎯⎯[4/7]⎯[22m[39m

[41m[1m FAIL [22m[49m [30m[42m unit [49m[39m src/test/token-parity.test.ts[2m > [22mDesign token CSS parity[2m > [22mtypography tokens resolve correctly for consumer-dark
[31m[1mAssertionError[22m: expected [ { …(4) }, { …(4) }, { …(4) }, …(11) ] to deeply equal [][39m

[32m- Expected[39m
[31m+ Received[39m

[32m- [][39m
[31m+ [[39m
[31m+   {[39m
[31m+     "actual": "",[39m
[31m+     "expected": "18px",[39m
[31m+     "pass": false,[39m
[31m+     "token": "--ds-font-section-title-size",[39m
[31m+   },[39m
[31m+   {[39m
[31m+     "actual": "",[39m
[31m+     "expected": "15px",[39m
[31m+     "pass": false,[39m
[31m+     "token": "--ds-font-card-title-size",[39m
[31m+   },[39m
[31m+   {[39m
[31m+     "actual": "",[39m
[31m+     "expected": "14px",[39m
[31m+     "pass": false,[39m
[31m+     "token": "--ds-font-body-size",[39m
[31m+   },[39m
[31m+   {[39m
[31m+     "actual": "",[39m
[31m+     "expected": "12px",[39m
[31m+     "pass": false,[39m
[31m+     "token": "--ds-font-caption-size",[39m
[31m+   },[39m
[31m+   {[39m
[31m+     "actual": "",[39m
[31m+     "expected": "12px",[39m
[31m+     "pass": false,[39m
[31m+     "token": "--ds-font-label-size",[39m
[31m+   },[39m
[31m+   {[39m
[31m+     "actual": "",[39m
[31m+     "expected": "28px",[39m
[31m+     "pass": false,[39m
[31m+     "token": "--typo-display-size",[39m
[31m+   },[39m
[31m+   {[39m
[31m+     "actual": "",[39m
[31m+     "expected": "22px",[39m
[31m+     "pass": false,[39m
[31m+     "token": "--typo-h1-size",[39m
[31m+   },[39m
[31m+   {[39m
[31m+     "actual": "",[39m
[31m+     "expected": "18px",[39m
[31m+     "pass": false,[39m
[31m+     "token": "--typo-h2-size",[39m
[31m+   },[39m
[31m+   {[39m
[31m+     "actual": "",[39m
[31m+     "expected": "15px",[39m
[31m+     "pass": false,[39m
[31m+     "token": "--typo-h3-size",[39m
[31m+   },[39m
[31m+   {[39m
[31m+     "actual": "",[39m
[31m+     "expected": "15px",[39m
[31m+     "pass": false,[39m
[31m+     "token": "--typo-h4-size",[39m
[31m+   },[39m
[31m+   {[39m
[31m+     "actual": "",[39m
[31m+     "expected": "14px",[39m
[31m+     "pass": false,[39m
[31m+     "token": "--typo-body-size",[39m
[31m+   },[39m
[31m+   {[39m
[31m+     "actual": "",[39m
[31m+     "expected": "14px",[39m
[31m+     "pass": false,[39m
[31m+     "token": "--typo-body-sm-size",[39m
[31m+   },[39m
[31m+   {[39m
[31m+     "actual": "",[39m
[31m+     "expected": "12px",[39m
[31m+     "pass": false,[39m
[31m+     "token": "--typo-caption-size",[39m
[31m+   },[39m
[31m+   {[39m
[31m+     "actual": "",[39m
[31m+     "expected": "12px",[39m
[31m+     "pass": false,[39m
[31m+     "token": "--typo-meta-size",[39m
[31m+   },[39m
[31m+ ][39m

[36m [2m❯[22m src/test/token-parity.test.ts:[2m19:32[22m[39m
    [90m 17| [39m      document[33m.[39mdocumentElement[33m.[39m[34msetAttribute[39m([32m"data-theme"[39m[33m,[39m theme)[33m;[39m
    [90m 18| [39m      const coverage = getTokenCoverage(TYPOGRAPHY_TOKENS, expectedVal…
    [90m 19| [39m      [34mexpect[39m(coverage[33m.[39mfailing)[33m.[39m[34mtoEqual[39m([])[33m;[39m
    [90m   | [39m                               [31m^[39m
    [90m 20| [39m    }
    [90m 21| [39m  )[33m;[39m

[31m[2m⎯⎯⎯⎯⎯⎯⎯⎯⎯⎯⎯⎯⎯⎯⎯⎯⎯⎯⎯⎯⎯⎯⎯⎯[5/7]⎯[22m[39m

[41m[1m FAIL [22m[49m [30m[42m unit [49m[39m src/test/token-parity.test.ts[2m > [22mDesign token CSS parity[2m > [22mtypography tokens resolve correctly for consumer-light
[31m[1mAssertionError[22m: expected [ …(16) ] to deeply equal [][39m

[32m- Expected[39m
[31m+ Received[39m

[32m- [][39m
[31m+ [[39m
[31m+   {[39m
[31m+     "actual": "\"DM Sans\", \"Inter Variable\", \"Inter\", system-ui, sans-serif",[39m
[31m+     "expected": "\"DM Sans\", \"Space Grotesk\", \"IBM Plex Sans\", \"Inter Variable\", \"Inter\", \"Segoe UI\", sans-serif",[39m
[31m+     "pass": false,[39m
[31m+     "token": "--font-sans",[39m
[31m+   },[39m
[31m+   {[39m
[31m+     "actual": "\"IBM Plex Mono\", monospace",[39m
[31m+     "expected": "\"IBM Plex Mono\", ui-monospace, \"SFMono-Regular\", \"Roboto Mono\", monospace",[39m
[31m+     "pass": false,[39m
[31m+     "token": "--font-mono",[39m
[31m+   },[39m
[31m+   {[39m
[31m+     "actual": "",[39m
[31m+     "expected": "18px",[39m
[31m+     "pass": false,[39m
[31m+     "token": "--ds-font-section-title-size",[39m
[31m+   },[39m
[31m+   {[39m
[31m+     "actual": "",[39m
[31m+     "expected": "16px",[39m
[31m+     "pass": false,[39m
[31m+     "token": "--ds-font-card-title-size",[39m
[31m+   },[39m
[31m+   {[39m
[31m+     "actual": "",[39m
[31m+     "expected": "14px",[39m
[31m+     "pass": false,[39m
[31m+     "token": "--ds-font-body-size",[39m
[31m+   },[39m
[31m+   {[39m
[31m+     "actual": "",[39m
[31m+     "expected": "12px",[39m
[31m+     "pass": false,[39m
[31m+     "token": "--ds-font-caption-size",[39m
[31m+   },[39m
[31m+   {[39m
[31m+     "actual": "",[39m
[31m+     "expected": "12px",[39m
[31m+     "pass": false,[39m
[31m+     "token": "--ds-font-label-size",[39m
[31m+   },[39m
[31m+   {[39m
[31m+     "actual": "",[39m
[31m+     "expected": "32px",[39m
[31m+     "pass": false,[39m
[31m+     "token": "--typo-display-size",[39m
[31m+   },[39m
[31m+   {[39m
[31m+     "actual": "",[39m
[31m+     "expected": "24px",[39m
[31m+     "pass": false,[39m
[31m+     "token": "--typo-h1-size",[39m
[31m+   },[39m
[31m+   {[39m
[31m+     "actual": "",[39m
[31m+     "expected": "18px",[39m
[31m+     "pass": false,[39m
[31m+     "token": "--typo-h2-size",[39m
[31m+   },[39m
[31m+   {[39m
[31m+     "actual": "",[39m
[31m+     "expected": "16px",[39m
[31m+     "pass": false,[39m
[31m+     "token": "--typo-h3-size",[39m
[31m+   },[39m
[31m+   {[39m
[31m+     "actual": "",[39m
[31m+     "expected": "15px",[39m
[31m+     "pass": false,[39m
[31m+     "token": "--typo-h4-size",[39m
[31m+   },[39m
[31m+   {[39m
[31m+     "actual": "",[39m
[31m+     "expected": "14px",[39m
[31m+     "pass": false,[39m
[31m+     "token": "--typo-body-size",[39m
[31m+   },[39m
[31m+   {[39m
[31m+     "actual": "",[39m
[31m+     "expected": "14px",[39m
[31m+     "pass": false,[39m
[31m+     "token": "--typo-body-sm-size",[39m
[31m+   },[39m
[31m+   {[39m
[31m+     "actual": "",[39m
[31m+     "expected": "12px",[39m
[31m+     "pass": false,[39m
[31m+     "token": "--typo-caption-size",[39m
[31m+   },[39m
[31m+   {[39m
[31m+     "actual": "",[39m
[31m+     "expected": "12px",[39m
[31m+     "pass": false,[39m
[31m+     "token": "--typo-meta-size",[39m
[31m+   },[39m
[31m+ ][39m

[36m [2m❯[22m src/test/token-parity.test.ts:[2m19:32[22m[39m
    [90m 17| [39m      document[33m.[39mdocumentElement[33m.[39m[34msetAttribute[39m([32m"data-theme"[39m[33m,[39m theme)[33m;[39m
    [90m 18| [39m      const coverage = getTokenCoverage(TYPOGRAPHY_TOKENS, expectedVal…
    [90m 19| [39m      [34mexpect[39m(coverage[33m.[39mfailing)[33m.[39m[34mtoEqual[39m([])[33m;[39m
    [90m   | [39m                               [31m^[39m
    [90m 20| [39m    }
    [90m 21| [39m  )[33m;[39m

[31m[2m⎯⎯⎯⎯⎯⎯⎯⎯⎯⎯⎯⎯⎯⎯⎯⎯⎯⎯⎯⎯⎯⎯⎯⎯[6/7]⎯[22m[39m

[41m[1m FAIL [22m[49m [30m[42m unit [49m[39m src/test/token-parity.test.ts[2m > [22mDesign token CSS parity[2m > [22mconsumer-light typography aliases stay aligned with canonical values
[31m[1mAssertionError[22m: expected 'DM Sans, Inter Variable, Inter, syste…' to be 'DM Sans, Space Grotesk, IBM Plex Sans…' // Object.is equality[39m

Expected: [32m"DM Sans,[7m Space Grotesk, IBM Plex Sans,[27m Inter Variable, Inter, [7mSegoe UI[27m, sans-serif"[39m
Received: [31m"DM Sans, Inter Variable, Inter, [7msystem-ui[27m, sans-serif"[39m

[36m [2m❯[22m src/test/token-parity.test.ts:[2m33:68[22m[39m
    [90m 31| [39m    for (const [token, expected] of Object.entries(TYPOGRAPHY_THEME_VA…
    [90m 32| [39m      const coverage = getTokenCoverage({ [token]: token }, { [token]:…
    [90m 33| [39m      expect(normalizeCssValue(coverage.results[0]?.actual ?? "")).toB…
    [90m   | [39m                                                                   [31m^[39m
    [90m 34| [39m    }
    [90m 35| [39m  })[33m;[39m

[31m[2m⎯⎯⎯⎯⎯⎯⎯⎯⎯⎯⎯⎯⎯⎯⎯⎯⎯⎯⎯⎯⎯⎯⎯⎯[7/7]⎯[22m[39m

[31m⎯⎯⎯⎯⎯⎯[39m[1m[41m Unhandled Errors [49m[22m[31m⎯⎯⎯⎯⎯⎯[39m
[31m[1m
Vitest caught 1 unhandled error during the test run.
This might cause false positive tests. Resolve unhandled errors to make sure your tests are not affected.[22m[39m

[31m⎯⎯⎯⎯⎯⎯[39m[1m[41m Unhandled Error [49m[22m[31m⎯⎯⎯⎯⎯⎯⎯[39m
[31m[1mError[22m: browserType.launch: Executable doesn't exist at /root/.cache/ms-playwright/chromium_headless_shell-1208/chrome-headless-shell-linux64/chrome-headless-shell
╔═════════════════════════════════════════════════════════════════════════╗
║ Looks like Playwright Test or Playwright was just installed or updated. ║
║ Please run the following command to download new browsers:              ║
║                                                                         ║
║     pnpm exec playwright install                                        ║
║                                                                         ║
║ <3 Playwright Team                                                      ║
╚═════════════════════════════════════════════════════════════════════════╝[39m
[90m [2m❯[22m ../node_modules/.pnpm/@vitest+browser-playwright@4.0.18_msw@2.12.10_@types+node@22.19.13_typescript@5.9.3__pl_6b2e144517335298965f84014b6209f3/node_modules/@vitest/browser-playwright/dist/index.js:[2m828:54[22m[39m
[90m [2m❯[22m PlaywrightBrowserProvider.createContext ../node_modules/.pnpm/@vitest+browser-playwright@4.0.18_msw@2.12.10_@types+node@22.19.13_typescript@5.9.3__pl_6b2e144517335298965f84014b6209f3/node_modules/@vitest/browser-playwright/dist/index.js:[2m954:19[22m[39m
[90m [2m❯[22m PlaywrightBrowserProvider.openBrowserPage ../node_modules/.pnpm/@vitest+browser-playwright@4.0.18_msw@2.12.10_@types+node@22.19.13_typescript@5.9.3__pl_6b2e144517335298965f84014b6209f3/node_modules/@vitest/browser-playwright/dist/index.js:[2m1020:19[22m[39m
[90m [2m❯[22m PlaywrightBrowserProvider.openPage ../node_modules/.pnpm/@vitest+browser-playwright@4.0.18_msw@2.12.10_@types+node@22.19.13_typescript@5.9.3__pl_6b2e144517335298965f84014b6209f3/node_modules/@vitest/browser-playwright/dist/index.js:[2m1034:23[22m[39m
[90m [2m❯[22m BrowserPool.openPage ../node_modules/.pnpm/vitest@4.0.18_@opentelemetry+api@1.9.0_@types+node@22.19.13_@vitest+browser-playwright@_c572fcd2772611e6283915bbb0c2c279/node_modules/vitest/dist/chunks/cli-api.B7PN_QUv.js:[2m7198:3[22m[39m
[90m [2m❯[22m BrowserPool.runTests ../node_modules/.pnpm/vitest@4.0.18_@opentelemetry+api@1.9.0_@types+node@22.19.13_@vitest+browser-playwright@_c572fcd2772611e6283915bbb0c2c279/node_modules/vitest/dist/chunks/cli-api.B7PN_QUv.js:[2m7186:3[22m[39m
[90m [2m❯[22m runWorkspaceTests ../node_modules/.pnpm/vitest@4.0.18_@opentelemetry+api@1.9.0_@types+node@22.19.13_@vitest+browser-playwright@_c572fcd2772611e6283915bbb0c2c279/node_modules/vitest/dist/chunks/cli-api.B7PN_QUv.js:[2m7087:3[22m[39m
[90m [2m❯[22m executeTests ../node_modules/.pnpm/vitest@4.0.18_@opentelemetry+api@1.9.0_@types+node@22.19.13_@vitest+browser-playwright@_c572fcd2772611e6283915bbb0c2c279/node_modules/vitest/dist/chunks/cli-api.B7PN_QUv.js:[2m8284:25[22m[39m
[90m [2m❯[22m ../node_modules/.pnpm/vitest@4.0.18_@opentelemetry+api@1.9.0_@types+node@22.19.13_@vitest+browser-playwright@_c572fcd2772611e6283915bbb0c2c279/node_modules/vitest/dist/chunks/cli-api.B7PN_QUv.js:[2m12595:7[22m[39m
[90m [2m❯[22m ../node_modules/.pnpm/vitest@4.0.18_@opentelemetry+api@1.9.0_@types+node@22.19.13_@vitest+browser-playwright@_c572fcd2772611e6283915bbb0c2c279/node_modules/vitest/dist/chunks/cli-api.B7PN_QUv.js:[2m12622:11[22m[39m
[90m [2m❯[22m ../node_modules/.pnpm/vitest@4.0.18_@opentelemetry+api@1.9.0_@types+node@22.19.13_@vitest+browser-playwright@_c572fcd2772611e6283915bbb0c2c279/node_modules/vitest/dist/chunks/cli-api.B7PN_QUv.js:[2m12506:19[22m[39m
[90m [2m❯[22m startVitest ../node_modules/.pnpm/vitest@4.0.18_@opentelemetry+api@1.9.0_@types+node@22.19.13_@vitest+browser-playwright@_c572fcd2772611e6283915bbb0c2c279/node_modules/vitest/dist/chunks/cli-api.B7PN_QUv.js:[2m13516:8[22m[39m
[90m [2m❯[22m start ../node_modules/.pnpm/vitest@4.0.18_@opentelemetry+api@1.9.0_@types+node@22.19.13_@vitest+browser-playwright@_c572fcd2772611e6283915bbb0c2c279/node_modules/vitest/dist/chunks/cac.DVeoLl0M.js:[2m1360:15[22m[39m
[90m [2m❯[22m CAC.run ../node_modules/.pnpm/vitest@4.0.18_@opentelemetry+api@1.9.0_@types+node@22.19.13_@vitest+browser-playwright@_c572fcd2772611e6283915bbb0c2c279/node_modules/vitest/dist/chunks/cac.DVeoLl0M.js:[2m1338:2[22m[39m

[31m⎯⎯⎯⎯⎯⎯⎯⎯⎯⎯⎯⎯⎯⎯⎯⎯⎯⎯⎯⎯⎯⎯⎯⎯⎯⎯⎯⎯⎯⎯[39m


[2m Test Files [22m [1m[31m2 failed[39m[22m[2m | [22m[1m[32m39 passed[39m[22m[90m (93)[39m
[2m      Tests [22m [1m[31m7 failed[39m[22m[2m | [22m[1m[32m150 passed[39m[22m[2m | [22m[33m1 skipped[39m[90m (158)[39m
[2m     Errors [22m [1m[31m1 error[39m[22m
[2m   Start at [22m 17:22:52
[2m   Duration [22m 66.54s[2m (transform 4.25s, setup 9.33s, import 11.20s, tests 8.57s, environment 30.47s)[22m

error during close browserType.launch: Executable doesn't exist at /root/.cache/ms-playwright/chromium_headless_shell-1208/chrome-headless-shell-linux64/chrome-headless-shell
╔═════════════════════════════════════════════════════════════════════════╗
║ Looks like Playwright Test or Playwright was just installed or updated. ║
║ Please run the following command to download new browsers:              ║
║                                                                         ║
║     pnpm exec playwright install                                        ║
║                                                                         ║
║ <3 Playwright Team                                                      ║
╚═════════════════════════════════════════════════════════════════════════╝
    at /opt/vpn-suite/frontend/node_modules/.pnpm/@vitest+browser-playwright@4.0.18_msw@2.12.10_@types+node@22.19.13_typescript@5.9.3__pl_6b2e144517335298965f84014b6209f3/node_modules/@vitest/browser-playwright/dist/index.js:828:54
    at PlaywrightBrowserProvider.createContext (/opt/vpn-suite/frontend/node_modules/.pnpm/@vitest+browser-playwright@4.0.18_msw@2.12.10_@types+node@22.19.13_typescript@5.9.3__pl_6b2e144517335298965f84014b6209f3/node_modules/@vitest/browser-playwright/dist/index.js:954:19)
    at PlaywrightBrowserProvider.openBrowserPage (/opt/vpn-suite/frontend/node_modules/.pnpm/@vitest+browser-playwright@4.0.18_msw@2.12.10_@types+node@22.19.13_typescript@5.9.3__pl_6b2e144517335298965f84014b6209f3/node_modules/@vitest/browser-playwright/dist/index.js:1020:19)
    at PlaywrightBrowserProvider.openPage (/opt/vpn-suite/frontend/node_modules/.pnpm/@vitest+browser-playwright@4.0.18_msw@2.12.10_@types+node@22.19.13_typescript@5.9.3__pl_6b2e144517335298965f84014b6209f3/node_modules/@vitest/browser-playwright/dist/index.js:1034:23)
    at BrowserPool.openPage (/opt/vpn-suite/frontend/node_modules/.pnpm/vitest@4.0.18_@opentelemetry+api@1.9.0_@types+node@22.19.13_@vitest+browser-playwright@_c572fcd2772611e6283915bbb0c2c279/node_modules/vitest/dist/chunks/cli-api.B7PN_QUv.js:7198:3)
    at BrowserPool.runTests (/opt/vpn-suite/frontend/node_modules/.pnpm/vitest@4.0.18_@opentelemetry+api@1.9.0_@types+node@22.19.13_@vitest+browser-playwright@_c572fcd2772611e6283915bbb0c2c279/node_modules/vitest/dist/chunks/cli-api.B7PN_QUv.js:7186:3)
    at runWorkspaceTests (/opt/vpn-suite/frontend/node_modules/.pnpm/vitest@4.0.18_@opentelemetry+api@1.9.0_@types+node@22.19.13_@vitest+browser-playwright@_c572fcd2772611e6283915bbb0c2c279/node_modules/vitest/dist/chunks/cli-api.B7PN_QUv.js:7087:3)
    at executeTests (/opt/vpn-suite/frontend/node_modules/.pnpm/vitest@4.0.18_@opentelemetry+api@1.9.0_@types+node@22.19.13_@vitest+browser-playwright@_c572fcd2772611e6283915bbb0c2c279/node_modules/vitest/dist/chunks/cli-api.B7PN_QUv.js:8284:25)
    at /opt/vpn-suite/frontend/node_modules/.pnpm/vitest@4.0.18_@opentelemetry+api@1.9.0_@types+node@22.19.13_@vitest+browser-playwright@_c572fcd2772611e6283915bbb0c2c279/node_modules/vitest/dist/chunks/cli-api.B7PN_QUv.js:12595:7
    at /opt/vpn-suite/frontend/node_modules/.pnpm/vitest@4.0.18_@opentelemetry+api@1.9.0_@types+node@22.19.13_@vitest+browser-playwright@_c572fcd2772611e6283915bbb0c2c279/node_modules/vitest/dist/chunks/cli-api.B7PN_QUv.js:12622:11
    at /opt/vpn-suite/frontend/node_modules/.pnpm/vitest@4.0.18_@opentelemetry+api@1.9.0_@types+node@22.19.13_@vitest+browser-playwright@_c572fcd2772611e6283915bbb0c2c279/node_modules/vitest/dist/chunks/cli-api.B7PN_QUv.js:12506:19
    at startVitest (/opt/vpn-suite/frontend/node_modules/.pnpm/vitest@4.0.18_@opentelemetry+api@1.9.0_@types+node@22.19.13_@vitest+browser-playwright@_c572fcd2772611e6283915bbb0c2c279/node_modules/vitest/dist/chunks/cli-api.B7PN_QUv.js:13516:8)
    at start (/opt/vpn-suite/frontend/node_modules/.pnpm/vitest@4.0.18_@opentelemetry+api@1.9.0_@types+node@22.19.13_@vitest+browser-playwright@_c572fcd2772611e6283915bbb0c2c279/node_modules/vitest/dist/chunks/cac.DVeoLl0M.js:1360:15)
    at CAC.run (/opt/vpn-suite/frontend/node_modules/.pnpm/vitest@4.0.18_@opentelemetry+api@1.9.0_@types+node@22.19.13_@vitest+browser-playwright@_c572fcd2772611e6283915bbb0c2c279/node_modules/vitest/dist/chunks/cac.DVeoLl0M.js:1338:2) {
  name: 'Error',
  type: 'Unhandled Error',
  stacks: [
    {
      method: '',
      file: '/opt/vpn-suite/frontend/node_modules/.pnpm/@vitest+browser-playwright@4.0.18_msw@2.12.10_@types+node@22.19.13_typescript@5.9.3__pl_6b2e144517335298965f84014b6209f3/node_modules/@vitest/browser-playwright/dist/index.js',
      line: 828,
      column: 54
    },
    {
      method: 'PlaywrightBrowserProvider.createContext',
      file: '/opt/vpn-suite/frontend/node_modules/.pnpm/@vitest+browser-playwright@4.0.18_msw@2.12.10_@types+node@22.19.13_typescript@5.9.3__pl_6b2e144517335298965f84014b6209f3/node_modules/@vitest/browser-playwright/dist/index.js',
      line: 954,
      column: 19
    },
    {
      method: 'PlaywrightBrowserProvider.openBrowserPage',
      file: '/opt/vpn-suite/frontend/node_modules/.pnpm/@vitest+browser-playwright@4.0.18_msw@2.12.10_@types+node@22.19.13_typescript@5.9.3__pl_6b2e144517335298965f84014b6209f3/node_modules/@vitest/browser-playwright/dist/index.js',
      line: 1020,
      column: 19
    },
    {
      method: 'PlaywrightBrowserProvider.openPage',
      file: '/opt/vpn-suite/frontend/node_modules/.pnpm/@vitest+browser-playwright@4.0.18_msw@2.12.10_@types+node@22.19.13_typescript@5.9.3__pl_6b2e144517335298965f84014b6209f3/node_modules/@vitest/browser-playwright/dist/index.js',
      line: 1034,
      column: 23
    },
    {
      method: 'BrowserPool.openPage',
      file: '/opt/vpn-suite/frontend/node_modules/.pnpm/vitest@4.0.18_@opentelemetry+api@1.9.0_@types+node@22.19.13_@vitest+browser-playwright@_c572fcd2772611e6283915bbb0c2c279/node_modules/vitest/dist/chunks/cli-api.B7PN_QUv.js',
      line: 7198,
      column: 3
    },
    {
      method: 'BrowserPool.runTests',
      file: '/opt/vpn-suite/frontend/node_modules/.pnpm/vitest@4.0.18_@opentelemetry+api@1.9.0_@types+node@22.19.13_@vitest+browser-playwright@_c572fcd2772611e6283915bbb0c2c279/node_modules/vitest/dist/chunks/cli-api.B7PN_QUv.js',
      line: 7186,
      column: 3
    },
    {
      method: 'runWorkspaceTests',
      file: '/opt/vpn-suite/frontend/node_modules/.pnpm/vitest@4.0.18_@opentelemetry+api@1.9.0_@types+node@22.19.13_@vitest+browser-playwright@_c572fcd2772611e6283915bbb0c2c279/node_modules/vitest/dist/chunks/cli-api.B7PN_QUv.js',
      line: 7087,
      column: 3
    },
    {
      method: 'executeTests',
      file: '/opt/vpn-suite/frontend/node_modules/.pnpm/vitest@4.0.18_@opentelemetry+api@1.9.0_@types+node@22.19.13_@vitest+browser-playwright@_c572fcd2772611e6283915bbb0c2c279/node_modules/vitest/dist/chunks/cli-api.B7PN_QUv.js',
      line: 8284,
      column: 25
    },
    {
      method: '',
      file: '/opt/vpn-suite/frontend/node_modules/.pnpm/vitest@4.0.18_@opentelemetry+api@1.9.0_@types+node@22.19.13_@vitest+browser-playwright@_c572fcd2772611e6283915bbb0c2c279/node_modules/vitest/dist/chunks/cli-api.B7PN_QUv.js',
      line: 12595,
      column: 7
    },
    {
      method: '',
      file: '/opt/vpn-suite/frontend/node_modules/.pnpm/vitest@4.0.18_@opentelemetry+api@1.9.0_@types+node@22.19.13_@vitest+browser-playwright@_c572fcd2772611e6283915bbb0c2c279/node_modules/vitest/dist/chunks/cli-api.B7PN_QUv.js',
      line: 12622,
      column: 11
    },
    {
      method: '',
      file: '/opt/vpn-suite/frontend/node_modules/.pnpm/vitest@4.0.18_@opentelemetry+api@1.9.0_@types+node@22.19.13_@vitest+browser-playwright@_c572fcd2772611e6283915bbb0c2c279/node_modules/vitest/dist/chunks/cli-api.B7PN_QUv.js',
      line: 12506,
      column: 19
    },
    {
      method: 'startVitest',
      file: '/opt/vpn-suite/frontend/node_modules/.pnpm/vitest@4.0.18_@opentelemetry+api@1.9.0_@types+node@22.19.13_@vitest+browser-playwright@_c572fcd2772611e6283915bbb0c2c279/node_modules/vitest/dist/chunks/cli-api.B7PN_QUv.js',
      line: 13516,
      column: 8
    },
    {
      method: 'start',
      file: '/opt/vpn-suite/frontend/node_modules/.pnpm/vitest@4.0.18_@opentelemetry+api@1.9.0_@types+node@22.19.13_@vitest+browser-playwright@_c572fcd2772611e6283915bbb0c2c279/node_modules/vitest/dist/chunks/cac.DVeoLl0M.js',
      line: 1360,
      column: 15
    },
    {
      method: 'CAC.run',
      file: '/opt/vpn-suite/frontend/node_modules/.pnpm/vitest@4.0.18_@opentelemetry+api@1.9.0_@types+node@22.19.13_@vitest+browser-playwright@_c572fcd2772611e6283915bbb0c2c279/node_modules/vitest/dist/chunks/cac.DVeoLl0M.js',
      line: 1338,
      column: 2
    }
  ]
}
/opt/vpn-suite/frontend/miniapp:
 ERR_PNPM_RECURSIVE_RUN_FIRST_FAIL  miniapp@0.0.1 test: `vitest run`
Exit status 1
